2026-06-04T19:08:38.619-04:00  INFO 20888 --- [sala-service] [main] com.sala.SalaServiceApplication          : Starting SalaServiceApplication using Java 25.0.1 with PID 20888 (D:\Descargas\proyecto programacion TERMINADO-20260523T201639Z-3-001\proyecto programacion TERMINADO\sala-service\target\classes started by gabri in D:\Descargas\proyecto programacion TERMINADO-20260523T201639Z-3-001\proyecto programacion TERMINADO\sala-service)
2026-06-04T19:08:38.631-04:00 DEBUG 20888 --- [sala-service] [main] com.sala.SalaServiceApplication          : Running with Spring Boot v3.5.14, Spring v6.2.18
2026-06-04T19:08:38.633-04:00  INFO 20888 --- [sala-service] [main] com.sala.SalaServiceApplication          : No active profile set, falling back to 1 default profile: "default"
2026-06-04T19:08:39.665-04:00  INFO 20888 --- [sala-service] [main] .s.d.r.c.RepositoryConfigurationDelegate : Bootstrapping Spring Data JPA repositories in DEFAULT mode.
2026-06-04T19:08:39.722-04:00  INFO 20888 --- [sala-service] [main] .s.d.r.c.RepositoryConfigurationDelegate : Finished Spring Data repository scanning in 49 ms. Found 1 JPA repository interface.
2026-06-04T19:08:40.340-04:00  INFO 20888 --- [sala-service] [main] o.s.b.w.embedded.tomcat.TomcatWebServer  : Tomcat initialized with port 8083 (http)
2026-06-04T19:08:40.355-04:00  INFO 20888 --- [sala-service] [main] o.apache.catalina.core.StandardService   : Starting service [Tomcat]
2026-06-04T19:08:40.355-04:00  INFO 20888 --- [sala-service] [main] o.apache.catalina.core.StandardEngine    : Starting Servlet engine: [Apache Tomcat/10.1.54]
2026-06-04T19:08:40.414-04:00  INFO 20888 --- [sala-service] [main] o.a.c.c.C.[Tomcat].[localhost].[/]       : Initializing Spring embedded WebApplicationContext
2026-06-04T19:08:40.414-04:00  INFO 20888 --- [sala-service] [main] w.s.c.ServletWebServerApplicationContext : Root WebApplicationContext: initialization completed in 1694 ms
2026-06-04T19:08:40.557-04:00  INFO 20888 --- [sala-service] [main] com.zaxxer.hikari.HikariDataSource       : HikariPool-1 - Starting...
2026-06-04T19:08:40.713-04:00  INFO 20888 --- [sala-service] [main] com.zaxxer.hikari.pool.HikariPool        : HikariPool-1 - Added connection com.mysql.cj.jdbc.ConnectionImpl@29a33620
2026-06-04T19:08:40.715-04:00  INFO 20888 --- [sala-service] [main] com.zaxxer.hikari.HikariDataSource       : HikariPool-1 - Start completed.
2026-06-04T19:08:41.747-04:00  INFO 20888 --- [sala-service] [main] liquibase.changelog                      : Reading from db_salas.databasechangelog
2026-06-04T19:08:41.833-04:00  INFO 20888 --- [sala-service] [main] liquibase.ui                             : Database is up to date, no changesets to execute
2026-06-04T19:08:41.835-04:00  INFO 20888 --- [sala-service] [main] liquibase.changelog                      : Reading from db_salas.databasechangelog
2026-06-04T19:08:41.843-04:00  INFO 20888 --- [sala-service] [main] liquibase.util                           : UPDATE SUMMARY
2026-06-04T19:08:41.843-04:00  INFO 20888 --- [sala-service] [main] liquibase.util                           : Run:                          0
2026-06-04T19:08:41.843-04:00  INFO 20888 --- [sala-service] [main] liquibase.util                           : Previously run:               2
2026-06-04T19:08:41.843-04:00  INFO 20888 --- [sala-service] [main] liquibase.util                           : Filtered out:                 0
2026-06-04T19:08:41.844-04:00  INFO 20888 --- [sala-service] [main] liquibase.util                           : -------------------------------
2026-06-04T19:08:41.844-04:00  INFO 20888 --- [sala-service] [main] liquibase.util                           : Total change sets:            2
2026-06-04T19:08:41.845-04:00  INFO 20888 --- [sala-service] [main] liquibase.util                           : Update summary generated
2026-06-04T19:08:41.846-04:00  INFO 20888 --- [sala-service] [main] liquibase.command                        : Command execution complete
2026-06-04T19:08:43.404-04:00  INFO 20888 --- [sala-service] [main] o.hibernate.jpa.internal.util.LogHelper  : HHH000204: Processing PersistenceUnitInfo [name: default]
2026-06-04T19:08:43.449-04:00  INFO 20888 --- [sala-service] [main] org.hibernate.Version                    : HHH000412: Hibernate ORM core version 6.6.49.Final
2026-06-04T19:08:43.476-04:00  INFO 20888 --- [sala-service] [main] o.h.c.internal.RegionFactoryInitiator    : HHH000026: Second-level cache disabled
2026-06-04T19:08:43.666-04:00  INFO 20888 --- [sala-service] [main] o.s.o.j.p.SpringPersistenceUnitInfo      : No LoadTimeWeaver setup: ignoring JPA class transformer
2026-06-04T19:08:43.710-04:00  WARN 20888 --- [sala-service] [main] org.hibernate.dialect.Dialect            : HHH000511: The 5.5.5 version for [org.hibernate.dialect.MySQLDialect] is no longer supported, hence certain features may not work properly. The minimum supported version is 8.0.0. Check the community dialects project for available legacy versions.
2026-06-04T19:08:43.721-04:00  INFO 20888 --- [sala-service] [main] org.hibernate.orm.connections.pooling    : HHH10001005: Database info:
	Database JDBC URL [Connecting through datasource 'HikariDataSource (HikariPool-1)']
	Database driver: undefined/unknown
	Database version: 5.5.5
	Autocommit mode: undefined/unknown
	Isolation level: undefined/unknown
	Minimum pool size: undefined/unknown
	Maximum pool size: undefined/unknown
2026-06-04T19:08:44.244-04:00  INFO 20888 --- [sala-service] [main] o.h.e.t.j.p.i.JtaPlatformInitiator       : HHH000489: No JTA platform available (set 'hibernate.transaction.jta.platform' to enable JTA platform integration)
2026-06-04T19:08:44.246-04:00  INFO 20888 --- [sala-service] [main] j.LocalContainerEntityManagerFactoryBean : Initialized JPA EntityManagerFactory for persistence unit 'default'
2026-06-04T19:08:44.389-04:00  WARN 20888 --- [sala-service] [main] JpaBaseConfiguration$JpaWebConfiguration : spring.jpa.open-in-view is enabled by default. Therefore, database queries may be performed during view rendering. Explicitly configure spring.jpa.open-in-view to disable this warning
2026-06-04T19:08:44.608-04:00  INFO 20888 --- [sala-service] [main] o.s.b.w.embedded.tomcat.TomcatWebServer  : Tomcat started on port 8083 (http) with context path '/'
2026-06-04T19:08:44.613-04:00  INFO 20888 --- [sala-service] [main] com.sala.SalaServiceApplication          : Started SalaServiceApplication in 6.493 seconds (process running for 6.915)
2026-06-04T19:16:22.504-04:00  INFO 23332 --- [sala-service] [main] com.sala.SalaServiceApplication          : Starting SalaServiceApplication using Java 25.0.1 with PID 23332 (D:\Descargas\proyecto programacion TERMINADO-20260523T201639Z-3-001\proyecto programacion TERMINADO\sala-service\target\classes started by gabri in D:\Descargas\proyecto programacion TERMINADO-20260523T201639Z-3-001\proyecto programacion TERMINADO\sala-service)
2026-06-04T19:16:22.507-04:00 DEBUG 23332 --- [sala-service] [main] com.sala.SalaServiceApplication          : Running with Spring Boot v3.5.14, Spring v6.2.18
2026-06-04T19:16:22.508-04:00  INFO 23332 --- [sala-service] [main] com.sala.SalaServiceApplication          : No active profile set, falling back to 1 default profile: "default"
2026-06-04T19:16:23.199-04:00  INFO 23332 --- [sala-service] [main] .s.d.r.c.RepositoryConfigurationDelegate : Bootstrapping Spring Data JPA repositories in DEFAULT mode.
2026-06-04T19:16:23.250-04:00  INFO 23332 --- [sala-service] [main] .s.d.r.c.RepositoryConfigurationDelegate : Finished Spring Data repository scanning in 42 ms. Found 1 JPA repository interface.
2026-06-04T19:16:23.670-04:00  INFO 23332 --- [sala-service] [main] o.s.b.w.embedded.tomcat.TomcatWebServer  : Tomcat initialized with port 8083 (http)
2026-06-04T19:16:23.684-04:00  INFO 23332 --- [sala-service] [main] o.apache.catalina.core.StandardService   : Starting service [Tomcat]
2026-06-04T19:16:23.685-04:00  INFO 23332 --- [sala-service] [main] o.apache.catalina.core.StandardEngine    : Starting Servlet engine: [Apache Tomcat/10.1.54]
2026-06-04T19:16:23.743-04:00  INFO 23332 --- [sala-service] [main] o.a.c.c.C.[Tomcat].[localhost].[/]       : Initializing Spring embedded WebApplicationContext
2026-06-04T19:16:23.743-04:00  INFO 23332 --- [sala-service] [main] w.s.c.ServletWebServerApplicationContext : Root WebApplicationContext: initialization completed in 1177 ms
2026-06-04T19:16:23.898-04:00  INFO 23332 --- [sala-service] [main] com.zaxxer.hikari.HikariDataSource       : HikariPool-1 - Starting...
2026-06-04T19:16:24.033-04:00  INFO 23332 --- [sala-service] [main] com.zaxxer.hikari.pool.HikariPool        : HikariPool-1 - Added connection com.mysql.cj.jdbc.ConnectionImpl@36ef1d65
2026-06-04T19:16:24.034-04:00  INFO 23332 --- [sala-service] [main] com.zaxxer.hikari.HikariDataSource       : HikariPool-1 - Start completed.
2026-06-04T19:16:25.001-04:00  INFO 23332 --- [sala-service] [main] liquibase.changelog                      : Reading from db_salas.databasechangelog
2026-06-04T19:16:25.228-04:00  INFO 23332 --- [sala-service] [main] liquibase.ui                             : Database is up to date, no changesets to execute
2026-06-04T19:16:25.229-04:00  INFO 23332 --- [sala-service] [main] liquibase.changelog                      : Reading from db_salas.databasechangelog
2026-06-04T19:16:25.236-04:00  INFO 23332 --- [sala-service] [main] liquibase.util                           : UPDATE SUMMARY
2026-06-04T19:16:25.237-04:00  INFO 23332 --- [sala-service] [main] liquibase.util                           : Run:                          0
2026-06-04T19:16:25.237-04:00  INFO 23332 --- [sala-service] [main] liquibase.util                           : Previously run:               2
2026-06-04T19:16:25.238-04:00  INFO 23332 --- [sala-service] [main] liquibase.util                           : Filtered out:                 0
2026-06-04T19:16:25.238-04:00  INFO 23332 --- [sala-service] [main] liquibase.util                           : -------------------------------
2026-06-04T19:16:25.238-04:00  INFO 23332 --- [sala-service] [main] liquibase.util                           : Total change sets:            2
2026-06-04T19:16:25.238-04:00  INFO 23332 --- [sala-service] [main] liquibase.util                           : Update summary generated
2026-06-04T19:16:25.240-04:00  INFO 23332 --- [sala-service] [main] liquibase.command                        : Command execution complete
2026-06-04T19:16:26.803-04:00  INFO 23332 --- [sala-service] [main] o.hibernate.jpa.internal.util.LogHelper  : HHH000204: Processing PersistenceUnitInfo [name: default]
2026-06-04T19:16:26.838-04:00  INFO 23332 --- [sala-service] [main] org.hibernate.Version                    : HHH000412: Hibernate ORM core version 6.6.49.Final
2026-06-04T19:16:26.862-04:00  INFO 23332 --- [sala-service] [main] o.h.c.internal.RegionFactoryInitiator    : HHH000026: Second-level cache disabled
2026-06-04T19:16:27.042-04:00  INFO 23332 --- [sala-service] [main] o.s.o.j.p.SpringPersistenceUnitInfo      : No LoadTimeWeaver setup: ignoring JPA class transformer
2026-06-04T19:16:27.084-04:00  WARN 23332 --- [sala-service] [main] org.hibernate.dialect.Dialect            : HHH000511: The 5.5.5 version for [org.hibernate.dialect.MySQLDialect] is no longer supported, hence certain features may not work properly. The minimum supported version is 8.0.0. Check the community dialects project for available legacy versions.
2026-06-04T19:16:27.095-04:00  INFO 23332 --- [sala-service] [main] org.hibernate.orm.connections.pooling    : HHH10001005: Database info:
	Database JDBC URL [Connecting through datasource 'HikariDataSource (HikariPool-1)']
	Database driver: undefined/unknown
	Database version: 5.5.5
	Autocommit mode: undefined/unknown
	Isolation level: undefined/unknown
	Minimum pool size: undefined/unknown
	Maximum pool size: undefined/unknown
2026-06-04T19:16:27.631-04:00  INFO 23332 --- [sala-service] [main] o.h.e.t.j.p.i.JtaPlatformInitiator       : HHH000489: No JTA platform available (set 'hibernate.transaction.jta.platform' to enable JTA platform integration)
2026-06-04T19:16:27.646-04:00  INFO 23332 --- [sala-service] [main] j.LocalContainerEntityManagerFactoryBean : Initialized JPA EntityManagerFactory for persistence unit 'default'
2026-06-04T19:16:27.777-04:00  WARN 23332 --- [sala-service] [main] JpaBaseConfiguration$JpaWebConfiguration : spring.jpa.open-in-view is enabled by default. Therefore, database queries may be performed during view rendering. Explicitly configure spring.jpa.open-in-view to disable this warning
2026-06-04T19:16:28.000-04:00  INFO 23332 --- [sala-service] [main] o.s.b.w.embedded.tomcat.TomcatWebServer  : Tomcat started on port 8083 (http) with context path '/'
2026-06-04T19:16:28.004-04:00  INFO 23332 --- [sala-service] [main] com.sala.SalaServiceApplication          : Started SalaServiceApplication in 5.989 seconds (process running for 6.341)
2026-06-04T21:06:50.719-04:00  INFO 23260 --- [sala-service] [main] com.sala.SalaServiceApplication          : Starting SalaServiceApplication using Java 25.0.1 with PID 23260 (D:\Descargas\proyecto programacion TERMINADO-20260523T201639Z-3-001\proyecto programacion TERMINADO\sala-service\target\classes started by gabri in D:\Descargas\proyecto programacion TERMINADO-20260523T201639Z-3-001\proyecto programacion TERMINADO\sala-service)
2026-06-04T21:06:50.722-04:00 DEBUG 23260 --- [sala-service] [main] com.sala.SalaServiceApplication          : Running with Spring Boot v3.5.14, Spring v6.2.18
2026-06-04T21:06:50.724-04:00  INFO 23260 --- [sala-service] [main] com.sala.SalaServiceApplication          : No active profile set, falling back to 1 default profile: "default"
2026-06-04T21:06:51.484-04:00  INFO 23260 --- [sala-service] [main] .s.d.r.c.RepositoryConfigurationDelegate : Bootstrapping Spring Data JPA repositories in DEFAULT mode.
2026-06-04T21:06:51.551-04:00  INFO 23260 --- [sala-service] [main] .s.d.r.c.RepositoryConfigurationDelegate : Finished Spring Data repository scanning in 53 ms. Found 1 JPA repository interface.
2026-06-04T21:06:52.069-04:00  INFO 23260 --- [sala-service] [main] o.s.b.w.embedded.tomcat.TomcatWebServer  : Tomcat initialized with port 8083 (http)
2026-06-04T21:06:52.087-04:00  INFO 23260 --- [sala-service] [main] o.apache.catalina.core.StandardService   : Starting service [Tomcat]
2026-06-04T21:06:52.088-04:00  INFO 23260 --- [sala-service] [main] o.apache.catalina.core.StandardEngine    : Starting Servlet engine: [Apache Tomcat/10.1.54]
2026-06-04T21:06:52.151-04:00  INFO 23260 --- [sala-service] [main] o.a.c.c.C.[Tomcat].[localhost].[/]       : Initializing Spring embedded WebApplicationContext
2026-06-04T21:06:52.152-04:00  INFO 23260 --- [sala-service] [main] w.s.c.ServletWebServerApplicationContext : Root WebApplicationContext: initialization completed in 1377 ms
2026-06-04T21:06:52.302-04:00  INFO 23260 --- [sala-service] [main] com.zaxxer.hikari.HikariDataSource       : HikariPool-1 - Starting...
2026-06-04T21:06:52.492-04:00  INFO 23260 --- [sala-service] [main] com.zaxxer.hikari.pool.HikariPool        : HikariPool-1 - Added connection com.mysql.cj.jdbc.ConnectionImpl@71179b6f
2026-06-04T21:06:52.494-04:00  INFO 23260 --- [sala-service] [main] com.zaxxer.hikari.HikariDataSource       : HikariPool-1 - Start completed.
2026-06-04T21:06:53.231-04:00  INFO 23260 --- [sala-service] [main] liquibase.changelog                      : Reading from db_salas.databasechangelog
2026-06-04T21:06:53.296-04:00  INFO 23260 --- [sala-service] [main] liquibase.ui                             : Database is up to date, no changesets to execute
2026-06-04T21:06:53.302-04:00  INFO 23260 --- [sala-service] [main] liquibase.changelog                      : Reading from db_salas.databasechangelog
2026-06-04T21:06:53.314-04:00  INFO 23260 --- [sala-service] [main] liquibase.util                           : UPDATE SUMMARY
2026-06-04T21:06:53.315-04:00  INFO 23260 --- [sala-service] [main] liquibase.util                           : Run:                          0
2026-06-04T21:06:53.315-04:00  INFO 23260 --- [sala-service] [main] liquibase.util                           : Previously run:               2
2026-06-04T21:06:53.315-04:00  INFO 23260 --- [sala-service] [main] liquibase.util                           : Filtered out:                 0
2026-06-04T21:06:53.316-04:00  INFO 23260 --- [sala-service] [main] liquibase.util                           : -------------------------------
2026-06-04T21:06:53.317-04:00  INFO 23260 --- [sala-service] [main] liquibase.util                           : Total change sets:            2
2026-06-04T21:06:53.318-04:00  INFO 23260 --- [sala-service] [main] liquibase.util                           : Update summary generated
2026-06-04T21:06:53.319-04:00  INFO 23260 --- [sala-service] [main] liquibase.command                        : Command execution complete
2026-06-04T21:06:54.882-04:00  INFO 23260 --- [sala-service] [main] o.hibernate.jpa.internal.util.LogHelper  : HHH000204: Processing PersistenceUnitInfo [name: default]
2026-06-04T21:06:54.909-04:00  INFO 23260 --- [sala-service] [main] org.hibernate.Version                    : HHH000412: Hibernate ORM core version 6.6.49.Final
2026-06-04T21:06:54.928-04:00  INFO 23260 --- [sala-service] [main] o.h.c.internal.RegionFactoryInitiator    : HHH000026: Second-level cache disabled
2026-06-04T21:06:55.150-04:00  INFO 23260 --- [sala-service] [main] o.s.o.j.p.SpringPersistenceUnitInfo      : No LoadTimeWeaver setup: ignoring JPA class transformer
2026-06-04T21:06:55.204-04:00  WARN 23260 --- [sala-service] [main] org.hibernate.dialect.Dialect            : HHH000511: The 5.5.5 version for [org.hibernate.dialect.MySQLDialect] is no longer supported, hence certain features may not work properly. The minimum supported version is 8.0.0. Check the community dialects project for available legacy versions.
2026-06-04T21:06:55.218-04:00  INFO 23260 --- [sala-service] [main] org.hibernate.orm.connections.pooling    : HHH10001005: Database info:
	Database JDBC URL [Connecting through datasource 'HikariDataSource (HikariPool-1)']
	Database driver: undefined/unknown
	Database version: 5.5.5
	Autocommit mode: undefined/unknown
	Isolation level: undefined/unknown
	Minimum pool size: undefined/unknown
	Maximum pool size: undefined/unknown
2026-06-04T21:06:55.858-04:00  INFO 23260 --- [sala-service] [main] o.h.e.t.j.p.i.JtaPlatformInitiator       : HHH000489: No JTA platform available (set 'hibernate.transaction.jta.platform' to enable JTA platform integration)
2026-06-04T21:06:55.861-04:00  INFO 23260 --- [sala-service] [main] j.LocalContainerEntityManagerFactoryBean : Initialized JPA EntityManagerFactory for persistence unit 'default'
2026-06-04T21:06:56.029-04:00  WARN 23260 --- [sala-service] [main] JpaBaseConfiguration$JpaWebConfiguration : spring.jpa.open-in-view is enabled by default. Therefore, database queries may be performed during view rendering. Explicitly configure spring.jpa.open-in-view to disable this warning
2026-06-04T21:06:56.323-04:00  INFO 23260 --- [sala-service] [main] o.s.b.w.embedded.tomcat.TomcatWebServer  : Tomcat started on port 8083 (http) with context path '/'
2026-06-04T21:06:56.328-04:00  INFO 23260 --- [sala-service] [main] com.sala.SalaServiceApplication          : Started SalaServiceApplication in 6.262 seconds (process running for 6.757)
2026-06-04T21:11:48.032-04:00  INFO 24236 --- [sala-service] [main] com.sala.SalaServiceApplication          : Starting SalaServiceApplication using Java 25.0.1 with PID 24236 (D:\Descargas\proyecto programacion TERMINADO-20260523T201639Z-3-001\proyecto programacion TERMINADO\sala-service\target\classes started by gabri in D:\Descargas\proyecto programacion TERMINADO-20260523T201639Z-3-001\proyecto programacion TERMINADO\sala-service)
2026-06-04T21:11:48.034-04:00 DEBUG 24236 --- [sala-service] [main] com.sala.SalaServiceApplication          : Running with Spring Boot v3.5.14, Spring v6.2.18
2026-06-04T21:11:48.035-04:00  INFO 24236 --- [sala-service] [main] com.sala.SalaServiceApplication          : No active profile set, falling back to 1 default profile: "default"
2026-06-04T21:11:48.862-04:00  INFO 24236 --- [sala-service] [main] .s.d.r.c.RepositoryConfigurationDelegate : Bootstrapping Spring Data JPA repositories in DEFAULT mode.
2026-06-04T21:11:48.937-04:00  INFO 24236 --- [sala-service] [main] .s.d.r.c.RepositoryConfigurationDelegate : Finished Spring Data repository scanning in 53 ms. Found 1 JPA repository interface.
2026-06-04T21:11:49.389-04:00  INFO 24236 --- [sala-service] [main] o.s.b.w.embedded.tomcat.TomcatWebServer  : Tomcat initialized with port 8083 (http)
2026-06-04T21:11:49.414-04:00  INFO 24236 --- [sala-service] [main] o.apache.catalina.core.StandardService   : Starting service [Tomcat]
2026-06-04T21:11:49.415-04:00  INFO 24236 --- [sala-service] [main] o.apache.catalina.core.StandardEngine    : Starting Servlet engine: [Apache Tomcat/10.1.54]
2026-06-04T21:11:49.481-04:00  INFO 24236 --- [sala-service] [main] o.a.c.c.C.[Tomcat].[localhost].[/]       : Initializing Spring embedded WebApplicationContext
2026-06-04T21:11:49.482-04:00  INFO 24236 --- [sala-service] [main] w.s.c.ServletWebServerApplicationContext : Root WebApplicationContext: initialization completed in 1395 ms
2026-06-04T21:11:49.623-04:00  INFO 24236 --- [sala-service] [main] com.zaxxer.hikari.HikariDataSource       : HikariPool-1 - Starting...
2026-06-04T21:11:49.798-04:00  INFO 24236 --- [sala-service] [main] com.zaxxer.hikari.pool.HikariPool        : HikariPool-1 - Added connection com.mysql.cj.jdbc.ConnectionImpl@3db432c2
2026-06-04T21:11:49.799-04:00  INFO 24236 --- [sala-service] [main] com.zaxxer.hikari.HikariDataSource       : HikariPool-1 - Start completed.
2026-06-04T21:11:50.466-04:00  INFO 24236 --- [sala-service] [main] liquibase.changelog                      : Reading from db_salas.databasechangelog
2026-06-04T21:11:50.528-04:00  INFO 24236 --- [sala-service] [main] liquibase.ui                             : Database is up to date, no changesets to execute
2026-06-04T21:11:50.530-04:00  INFO 24236 --- [sala-service] [main] liquibase.changelog                      : Reading from db_salas.databasechangelog
2026-06-04T21:11:50.536-04:00  INFO 24236 --- [sala-service] [main] liquibase.util                           : UPDATE SUMMARY
2026-06-04T21:11:50.537-04:00  INFO 24236 --- [sala-service] [main] liquibase.util                           : Run:                          0
2026-06-04T21:11:50.537-04:00  INFO 24236 --- [sala-service] [main] liquibase.util                           : Previously run:               2
2026-06-04T21:11:50.538-04:00  INFO 24236 --- [sala-service] [main] liquibase.util                           : Filtered out:                 0
2026-06-04T21:11:50.538-04:00  INFO 24236 --- [sala-service] [main] liquibase.util                           : -------------------------------
2026-06-04T21:11:50.538-04:00  INFO 24236 --- [sala-service] [main] liquibase.util                           : Total change sets:            2
2026-06-04T21:11:50.539-04:00  INFO 24236 --- [sala-service] [main] liquibase.util                           : Update summary generated
2026-06-04T21:11:50.541-04:00  INFO 24236 --- [sala-service] [main] liquibase.command                        : Command execution complete
2026-06-04T21:11:52.093-04:00  INFO 24236 --- [sala-service] [main] o.hibernate.jpa.internal.util.LogHelper  : HHH000204: Processing PersistenceUnitInfo [name: default]
2026-06-04T21:11:52.121-04:00  INFO 24236 --- [sala-service] [main] org.hibernate.Version                    : HHH000412: Hibernate ORM core version 6.6.49.Final
2026-06-04T21:11:52.140-04:00  INFO 24236 --- [sala-service] [main] o.h.c.internal.RegionFactoryInitiator    : HHH000026: Second-level cache disabled
2026-06-04T21:11:52.303-04:00  INFO 24236 --- [sala-service] [main] o.s.o.j.p.SpringPersistenceUnitInfo      : No LoadTimeWeaver setup: ignoring JPA class transformer
2026-06-04T21:11:52.347-04:00  WARN 24236 --- [sala-service] [main] org.hibernate.dialect.Dialect            : HHH000511: The 5.5.5 version for [org.hibernate.dialect.MySQLDialect] is no longer supported, hence certain features may not work properly. The minimum supported version is 8.0.0. Check the community dialects project for available legacy versions.
2026-06-04T21:11:52.356-04:00  INFO 24236 --- [sala-service] [main] org.hibernate.orm.connections.pooling    : HHH10001005: Database info:
	Database JDBC URL [Connecting through datasource 'HikariDataSource (HikariPool-1)']
	Database driver: undefined/unknown
	Database version: 5.5.5
	Autocommit mode: undefined/unknown
	Isolation level: undefined/unknown
	Minimum pool size: undefined/unknown
	Maximum pool size: undefined/unknown
2026-06-04T21:11:52.878-04:00  INFO 24236 --- [sala-service] [main] o.h.e.t.j.p.i.JtaPlatformInitiator       : HHH000489: No JTA platform available (set 'hibernate.transaction.jta.platform' to enable JTA platform integration)
2026-06-04T21:11:52.881-04:00  INFO 24236 --- [sala-service] [main] j.LocalContainerEntityManagerFactoryBean : Initialized JPA EntityManagerFactory for persistence unit 'default'
2026-06-04T21:11:53.009-04:00  WARN 24236 --- [sala-service] [main] JpaBaseConfiguration$JpaWebConfiguration : spring.jpa.open-in-view is enabled by default. Therefore, database queries may be performed during view rendering. Explicitly configure spring.jpa.open-in-view to disable this warning
2026-06-04T21:11:53.231-04:00  INFO 24236 --- [sala-service] [main] o.s.b.w.embedded.tomcat.TomcatWebServer  : Tomcat started on port 8083 (http) with context path '/'
2026-06-04T21:11:53.238-04:00  INFO 24236 --- [sala-service] [main] com.sala.SalaServiceApplication          : Started SalaServiceApplication in 5.839 seconds (process running for 6.307)
2026-06-04T21:16:31.172-04:00  INFO 22456 --- [sala-service] [main] com.sala.SalaServiceApplication          : Starting SalaServiceApplication using Java 25.0.1 with PID 22456 (D:\Descargas\proyecto programacion TERMINADO-20260523T201639Z-3-001\proyecto programacion TERMINADO\sala-service\target\classes started by gabri in D:\Descargas\proyecto programacion TERMINADO-20260523T201639Z-3-001\proyecto programacion TERMINADO\sala-service)
2026-06-04T21:16:31.174-04:00 DEBUG 22456 --- [sala-service] [main] com.sala.SalaServiceApplication          : Running with Spring Boot v3.5.14, Spring v6.2.18
2026-06-04T21:16:31.175-04:00  INFO 22456 --- [sala-service] [main] com.sala.SalaServiceApplication          : No active profile set, falling back to 1 default profile: "default"
2026-06-04T21:16:32.003-04:00  INFO 22456 --- [sala-service] [main] .s.d.r.c.RepositoryConfigurationDelegate : Bootstrapping Spring Data JPA repositories in DEFAULT mode.
2026-06-04T21:16:32.078-04:00  INFO 22456 --- [sala-service] [main] .s.d.r.c.RepositoryConfigurationDelegate : Finished Spring Data repository scanning in 57 ms. Found 1 JPA repository interface.
2026-06-04T21:16:32.578-04:00  INFO 22456 --- [sala-service] [main] o.s.b.w.embedded.tomcat.TomcatWebServer  : Tomcat initialized with port 8083 (http)
2026-06-04T21:16:32.593-04:00  INFO 22456 --- [sala-service] [main] o.apache.catalina.core.StandardService   : Starting service [Tomcat]
2026-06-04T21:16:32.594-04:00  INFO 22456 --- [sala-service] [main] o.apache.catalina.core.StandardEngine    : Starting Servlet engine: [Apache Tomcat/10.1.54]
2026-06-04T21:16:32.656-04:00  INFO 22456 --- [sala-service] [main] o.a.c.c.C.[Tomcat].[localhost].[/]       : Initializing Spring embedded WebApplicationContext
2026-06-04T21:16:32.656-04:00  INFO 22456 --- [sala-service] [main] w.s.c.ServletWebServerApplicationContext : Root WebApplicationContext: initialization completed in 1432 ms
2026-06-04T21:16:32.794-04:00  INFO 22456 --- [sala-service] [main] com.zaxxer.hikari.HikariDataSource       : HikariPool-1 - Starting...
2026-06-04T21:16:32.957-04:00  INFO 22456 --- [sala-service] [main] com.zaxxer.hikari.pool.HikariPool        : HikariPool-1 - Added connection com.mysql.cj.jdbc.ConnectionImpl@3a00b15d
2026-06-04T21:16:32.962-04:00  INFO 22456 --- [sala-service] [main] com.zaxxer.hikari.HikariDataSource       : HikariPool-1 - Start completed.
2026-06-04T21:16:33.649-04:00  INFO 22456 --- [sala-service] [main] liquibase.changelog                      : Reading from db_salas.databasechangelog
2026-06-04T21:16:33.708-04:00  INFO 22456 --- [sala-service] [main] liquibase.ui                             : Database is up to date, no changesets to execute
2026-06-04T21:16:33.711-04:00  INFO 22456 --- [sala-service] [main] liquibase.changelog                      : Reading from db_salas.databasechangelog
2026-06-04T21:16:33.719-04:00  INFO 22456 --- [sala-service] [main] liquibase.util                           : UPDATE SUMMARY
2026-06-04T21:16:33.719-04:00  INFO 22456 --- [sala-service] [main] liquibase.util                           : Run:                          0
2026-06-04T21:16:33.719-04:00  INFO 22456 --- [sala-service] [main] liquibase.util                           : Previously run:               2
2026-06-04T21:16:33.719-04:00  INFO 22456 --- [sala-service] [main] liquibase.util                           : Filtered out:                 0
2026-06-04T21:16:33.719-04:00  INFO 22456 --- [sala-service] [main] liquibase.util                           : -------------------------------
2026-06-04T21:16:33.721-04:00  INFO 22456 --- [sala-service] [main] liquibase.util                           : Total change sets:            2
2026-06-04T21:16:33.722-04:00  INFO 22456 --- [sala-service] [main] liquibase.util                           : Update summary generated
2026-06-04T21:16:33.723-04:00  INFO 22456 --- [sala-service] [main] liquibase.command                        : Command execution complete
2026-06-04T21:16:35.272-04:00  INFO 22456 --- [sala-service] [main] o.hibernate.jpa.internal.util.LogHelper  : HHH000204: Processing PersistenceUnitInfo [name: default]
2026-06-04T21:16:35.298-04:00  INFO 22456 --- [sala-service] [main] org.hibernate.Version                    : HHH000412: Hibernate ORM core version 6.6.49.Final
2026-06-04T21:16:35.317-04:00  INFO 22456 --- [sala-service] [main] o.h.c.internal.RegionFactoryInitiator    : HHH000026: Second-level cache disabled
2026-06-04T21:16:35.488-04:00  INFO 22456 --- [sala-service] [main] o.s.o.j.p.SpringPersistenceUnitInfo      : No LoadTimeWeaver setup: ignoring JPA class transformer
2026-06-04T21:16:35.524-04:00  WARN 22456 --- [sala-service] [main] org.hibernate.dialect.Dialect            : HHH000511: The 5.5.5 version for [org.hibernate.dialect.MySQLDialect] is no longer supported, hence certain features may not work properly. The minimum supported version is 8.0.0. Check the community dialects project for available legacy versions.
2026-06-04T21:16:35.533-04:00  INFO 22456 --- [sala-service] [main] org.hibernate.orm.connections.pooling    : HHH10001005: Database info:
	Database JDBC URL [Connecting through datasource 'HikariDataSource (HikariPool-1)']
	Database driver: undefined/unknown
	Database version: 5.5.5
	Autocommit mode: undefined/unknown
	Isolation level: undefined/unknown
	Minimum pool size: undefined/unknown
	Maximum pool size: undefined/unknown
2026-06-04T21:16:36.019-04:00  INFO 22456 --- [sala-service] [main] o.h.e.t.j.p.i.JtaPlatformInitiator       : HHH000489: No JTA platform available (set 'hibernate.transaction.jta.platform' to enable JTA platform integration)
2026-06-04T21:16:36.021-04:00  INFO 22456 --- [sala-service] [main] j.LocalContainerEntityManagerFactoryBean : Initialized JPA EntityManagerFactory for persistence unit 'default'
2026-06-04T21:16:36.156-04:00  WARN 22456 --- [sala-service] [main] JpaBaseConfiguration$JpaWebConfiguration : spring.jpa.open-in-view is enabled by default. Therefore, database queries may be performed during view rendering. Explicitly configure spring.jpa.open-in-view to disable this warning
2026-06-04T21:16:36.384-04:00  INFO 22456 --- [sala-service] [main] o.s.b.w.embedded.tomcat.TomcatWebServer  : Tomcat started on port 8083 (http) with context path '/'
2026-06-04T21:16:36.389-04:00  INFO 22456 --- [sala-service] [main] com.sala.SalaServiceApplication          : Started SalaServiceApplication in 5.798 seconds (process running for 6.258)
2026-06-04T21:19:59.521-04:00  INFO 22188 --- [sala-service] [main] com.sala.SalaServiceApplication          : Starting SalaServiceApplication using Java 25.0.1 with PID 22188 (D:\Descargas\proyecto programacion TERMINADO-20260523T201639Z-3-001\proyecto programacion TERMINADO\sala-service\target\classes started by gabri in D:\Descargas\proyecto programacion TERMINADO-20260523T201639Z-3-001\proyecto programacion TERMINADO\sala-service)
2026-06-04T21:19:59.532-04:00 DEBUG 22188 --- [sala-service] [main] com.sala.SalaServiceApplication          : Running with Spring Boot v3.5.14, Spring v6.2.18
2026-06-04T21:19:59.533-04:00  INFO 22188 --- [sala-service] [main] com.sala.SalaServiceApplication          : No active profile set, falling back to 1 default profile: "default"
2026-06-04T21:20:00.247-04:00  INFO 22188 --- [sala-service] [main] .s.d.r.c.RepositoryConfigurationDelegate : Bootstrapping Spring Data JPA repositories in DEFAULT mode.
2026-06-04T21:20:00.312-04:00  INFO 22188 --- [sala-service] [main] .s.d.r.c.RepositoryConfigurationDelegate : Finished Spring Data repository scanning in 55 ms. Found 1 JPA repository interface.
2026-06-04T21:20:00.766-04:00  INFO 22188 --- [sala-service] [main] o.s.b.w.embedded.tomcat.TomcatWebServer  : Tomcat initialized with port 8083 (http)
2026-06-04T21:20:00.778-04:00  INFO 22188 --- [sala-service] [main] o.apache.catalina.core.StandardService   : Starting service [Tomcat]
2026-06-04T21:20:00.778-04:00  INFO 22188 --- [sala-service] [main] o.apache.catalina.core.StandardEngine    : Starting Servlet engine: [Apache Tomcat/10.1.54]
2026-06-04T21:20:00.834-04:00  INFO 22188 --- [sala-service] [main] o.a.c.c.C.[Tomcat].[localhost].[/]       : Initializing Spring embedded WebApplicationContext
2026-06-04T21:20:00.836-04:00  INFO 22188 --- [sala-service] [main] w.s.c.ServletWebServerApplicationContext : Root WebApplicationContext: initialization completed in 1252 ms
2026-06-04T21:20:00.972-04:00  INFO 22188 --- [sala-service] [main] com.zaxxer.hikari.HikariDataSource       : HikariPool-1 - Starting...
2026-06-04T21:20:01.118-04:00  INFO 22188 --- [sala-service] [main] com.zaxxer.hikari.pool.HikariPool        : HikariPool-1 - Added connection com.mysql.cj.jdbc.ConnectionImpl@c02670f
2026-06-04T21:20:01.120-04:00  INFO 22188 --- [sala-service] [main] com.zaxxer.hikari.HikariDataSource       : HikariPool-1 - Start completed.
2026-06-04T21:20:01.694-04:00  INFO 22188 --- [sala-service] [main] liquibase.changelog                      : Reading from db_salas.databasechangelog
2026-06-04T21:20:01.745-04:00  INFO 22188 --- [sala-service] [main] liquibase.ui                             : Database is up to date, no changesets to execute
2026-06-04T21:20:01.747-04:00  INFO 22188 --- [sala-service] [main] liquibase.changelog                      : Reading from db_salas.databasechangelog
2026-06-04T21:20:01.755-04:00  INFO 22188 --- [sala-service] [main] liquibase.util                           : UPDATE SUMMARY
2026-06-04T21:20:01.756-04:00  INFO 22188 --- [sala-service] [main] liquibase.util                           : Run:                          0
2026-06-04T21:20:01.756-04:00  INFO 22188 --- [sala-service] [main] liquibase.util                           : Previously run:               2
2026-06-04T21:20:01.756-04:00  INFO 22188 --- [sala-service] [main] liquibase.util                           : Filtered out:                 0
2026-06-04T21:20:01.756-04:00  INFO 22188 --- [sala-service] [main] liquibase.util                           : -------------------------------
2026-06-04T21:20:01.756-04:00  INFO 22188 --- [sala-service] [main] liquibase.util                           : Total change sets:            2
2026-06-04T21:20:01.757-04:00  INFO 22188 --- [sala-service] [main] liquibase.util                           : Update summary generated
2026-06-04T21:20:01.758-04:00  INFO 22188 --- [sala-service] [main] liquibase.command                        : Command execution complete
2026-06-04T21:20:03.325-04:00  INFO 22188 --- [sala-service] [main] o.hibernate.jpa.internal.util.LogHelper  : HHH000204: Processing PersistenceUnitInfo [name: default]
2026-06-04T21:20:03.358-04:00  INFO 22188 --- [sala-service] [main] org.hibernate.Version                    : HHH000412: Hibernate ORM core version 6.6.49.Final
2026-06-04T21:20:03.378-04:00  INFO 22188 --- [sala-service] [main] o.h.c.internal.RegionFactoryInitiator    : HHH000026: Second-level cache disabled
2026-06-04T21:20:03.551-04:00  INFO 22188 --- [sala-service] [main] o.s.o.j.p.SpringPersistenceUnitInfo      : No LoadTimeWeaver setup: ignoring JPA class transformer
2026-06-04T21:20:03.585-04:00  WARN 22188 --- [sala-service] [main] org.hibernate.dialect.Dialect            : HHH000511: The 5.5.5 version for [org.hibernate.dialect.MySQLDialect] is no longer supported, hence certain features may not work properly. The minimum supported version is 8.0.0. Check the community dialects project for available legacy versions.
2026-06-04T21:20:03.595-04:00  INFO 22188 --- [sala-service] [main] org.hibernate.orm.connections.pooling    : HHH10001005: Database info:
	Database JDBC URL [Connecting through datasource 'HikariDataSource (HikariPool-1)']
	Database driver: undefined/unknown
	Database version: 5.5.5
	Autocommit mode: undefined/unknown
	Isolation level: undefined/unknown
	Minimum pool size: undefined/unknown
	Maximum pool size: undefined/unknown
2026-06-04T21:20:04.069-04:00  INFO 22188 --- [sala-service] [main] o.h.e.t.j.p.i.JtaPlatformInitiator       : HHH000489: No JTA platform available (set 'hibernate.transaction.jta.platform' to enable JTA platform integration)
2026-06-04T21:20:04.073-04:00  INFO 22188 --- [sala-service] [main] j.LocalContainerEntityManagerFactoryBean : Initialized JPA EntityManagerFactory for persistence unit 'default'
2026-06-04T21:20:04.201-04:00  WARN 22188 --- [sala-service] [main] JpaBaseConfiguration$JpaWebConfiguration : spring.jpa.open-in-view is enabled by default. Therefore, database queries may be performed during view rendering. Explicitly configure spring.jpa.open-in-view to disable this warning
2026-06-04T21:20:04.413-04:00  INFO 22188 --- [sala-service] [main] o.s.b.w.embedded.tomcat.TomcatWebServer  : Tomcat started on port 8083 (http) with context path '/'
2026-06-04T21:20:04.418-04:00  INFO 22188 --- [sala-service] [main] com.sala.SalaServiceApplication          : Started SalaServiceApplication in 5.578 seconds (process running for 5.992)
2026-06-04T21:21:50.754-04:00  INFO 18704 --- [sala-service] [main] com.sala.SalaServiceApplication          : Starting SalaServiceApplication using Java 25.0.1 with PID 18704 (D:\Descargas\proyecto programacion TERMINADO-20260523T201639Z-3-001\proyecto programacion TERMINADO\sala-service\target\classes started by gabri in D:\Descargas\proyecto programacion TERMINADO-20260523T201639Z-3-001\proyecto programacion TERMINADO\sala-service)
2026-06-04T21:21:50.757-04:00 DEBUG 18704 --- [sala-service] [main] com.sala.SalaServiceApplication          : Running with Spring Boot v3.5.14, Spring v6.2.18
2026-06-04T21:21:50.758-04:00  INFO 18704 --- [sala-service] [main] com.sala.SalaServiceApplication          : No active profile set, falling back to 1 default profile: "default"
2026-06-04T21:21:51.494-04:00  INFO 18704 --- [sala-service] [main] .s.d.r.c.RepositoryConfigurationDelegate : Bootstrapping Spring Data JPA repositories in DEFAULT mode.
2026-06-04T21:21:51.565-04:00  INFO 18704 --- [sala-service] [main] .s.d.r.c.RepositoryConfigurationDelegate : Finished Spring Data repository scanning in 53 ms. Found 1 JPA repository interface.
2026-06-04T21:21:52.119-04:00  INFO 18704 --- [sala-service] [main] o.s.b.w.embedded.tomcat.TomcatWebServer  : Tomcat initialized with port 8083 (http)
2026-06-04T21:21:52.135-04:00  INFO 18704 --- [sala-service] [main] o.apache.catalina.core.StandardService   : Starting service [Tomcat]
2026-06-04T21:21:52.136-04:00  INFO 18704 --- [sala-service] [main] o.apache.catalina.core.StandardEngine    : Starting Servlet engine: [Apache Tomcat/10.1.54]
2026-06-04T21:21:52.196-04:00  INFO 18704 --- [sala-service] [main] o.a.c.c.C.[Tomcat].[localhost].[/]       : Initializing Spring embedded WebApplicationContext
2026-06-04T21:21:52.197-04:00  INFO 18704 --- [sala-service] [main] w.s.c.ServletWebServerApplicationContext : Root WebApplicationContext: initialization completed in 1377 ms
2026-06-04T21:21:52.339-04:00  INFO 18704 --- [sala-service] [main] com.zaxxer.hikari.HikariDataSource       : HikariPool-1 - Starting...
2026-06-04T21:21:52.506-04:00  INFO 18704 --- [sala-service] [main] com.zaxxer.hikari.pool.HikariPool        : HikariPool-1 - Added connection com.mysql.cj.jdbc.ConnectionImpl@36ef1d65
2026-06-04T21:21:52.508-04:00  INFO 18704 --- [sala-service] [main] com.zaxxer.hikari.HikariDataSource       : HikariPool-1 - Start completed.
2026-06-04T21:21:53.158-04:00  INFO 18704 --- [sala-service] [main] liquibase.changelog                      : Reading from db_salas.databasechangelog
2026-06-04T21:21:53.251-04:00  INFO 18704 --- [sala-service] [main] liquibase.ui                             : Database is up to date, no changesets to execute
2026-06-04T21:21:53.252-04:00  INFO 18704 --- [sala-service] [main] liquibase.changelog                      : Reading from db_salas.databasechangelog
2026-06-04T21:21:53.262-04:00  INFO 18704 --- [sala-service] [main] liquibase.util                           : UPDATE SUMMARY
2026-06-04T21:21:53.262-04:00  INFO 18704 --- [sala-service] [main] liquibase.util                           : Run:                          0
2026-06-04T21:21:53.262-04:00  INFO 18704 --- [sala-service] [main] liquibase.util                           : Previously run:               2
2026-06-04T21:21:53.263-04:00  INFO 18704 --- [sala-service] [main] liquibase.util                           : Filtered out:                 0
2026-06-04T21:21:53.263-04:00  INFO 18704 --- [sala-service] [main] liquibase.util                           : -------------------------------
2026-06-04T21:21:53.263-04:00  INFO 18704 --- [sala-service] [main] liquibase.util                           : Total change sets:            2
2026-06-04T21:21:53.264-04:00  INFO 18704 --- [sala-service] [main] liquibase.util                           : Update summary generated
2026-06-04T21:21:53.266-04:00  INFO 18704 --- [sala-service] [main] liquibase.command                        : Command execution complete
2026-06-04T21:21:54.513-04:00  INFO 18704 --- [sala-service] [main] o.hibernate.jpa.internal.util.LogHelper  : HHH000204: Processing PersistenceUnitInfo [name: default]
2026-06-04T21:21:54.543-04:00  INFO 18704 --- [sala-service] [main] org.hibernate.Version                    : HHH000412: Hibernate ORM core version 6.6.49.Final
2026-06-04T21:21:54.565-04:00  INFO 18704 --- [sala-service] [main] o.h.c.internal.RegionFactoryInitiator    : HHH000026: Second-level cache disabled
2026-06-04T21:21:54.731-04:00  INFO 18704 --- [sala-service] [main] o.s.o.j.p.SpringPersistenceUnitInfo      : No LoadTimeWeaver setup: ignoring JPA class transformer
2026-06-04T21:21:54.769-04:00  WARN 18704 --- [sala-service] [main] org.hibernate.dialect.Dialect            : HHH000511: The 5.5.5 version for [org.hibernate.dialect.MySQLDialect] is no longer supported, hence certain features may not work properly. The minimum supported version is 8.0.0. Check the community dialects project for available legacy versions.
2026-06-04T21:21:54.776-04:00  INFO 18704 --- [sala-service] [main] org.hibernate.orm.connections.pooling    : HHH10001005: Database info:
	Database JDBC URL [Connecting through datasource 'HikariDataSource (HikariPool-1)']
	Database driver: undefined/unknown
	Database version: 5.5.5
	Autocommit mode: undefined/unknown
	Isolation level: undefined/unknown
	Minimum pool size: undefined/unknown
	Maximum pool size: undefined/unknown
2026-06-04T21:21:55.269-04:00  INFO 18704 --- [sala-service] [main] o.h.e.t.j.p.i.JtaPlatformInitiator       : HHH000489: No JTA platform available (set 'hibernate.transaction.jta.platform' to enable JTA platform integration)
2026-06-04T21:21:55.271-04:00  INFO 18704 --- [sala-service] [main] j.LocalContainerEntityManagerFactoryBean : Initialized JPA EntityManagerFactory for persistence unit 'default'
2026-06-04T21:21:55.404-04:00  WARN 18704 --- [sala-service] [main] JpaBaseConfiguration$JpaWebConfiguration : spring.jpa.open-in-view is enabled by default. Therefore, database queries may be performed during view rendering. Explicitly configure spring.jpa.open-in-view to disable this warning
2026-06-04T21:21:55.615-04:00  INFO 18704 --- [sala-service] [main] o.s.b.w.embedded.tomcat.TomcatWebServer  : Tomcat started on port 8083 (http) with context path '/'
2026-06-04T21:21:55.619-04:00  INFO 18704 --- [sala-service] [main] com.sala.SalaServiceApplication          : Started SalaServiceApplication in 5.554 seconds (process running for 6.022)
2026-06-04T21:22:16.856-04:00  INFO 23708 --- [sala-service] [main] com.sala.SalaServiceApplication          : Starting SalaServiceApplication using Java 25.0.1 with PID 23708 (D:\Descargas\proyecto programacion TERMINADO-20260523T201639Z-3-001\proyecto programacion TERMINADO\sala-service\target\classes started by gabri in D:\Descargas\proyecto programacion TERMINADO-20260523T201639Z-3-001\proyecto programacion TERMINADO\sala-service)
2026-06-04T21:22:16.858-04:00 DEBUG 23708 --- [sala-service] [main] com.sala.SalaServiceApplication          : Running with Spring Boot v3.5.14, Spring v6.2.18
2026-06-04T21:22:16.859-04:00  INFO 23708 --- [sala-service] [main] com.sala.SalaServiceApplication          : No active profile set, falling back to 1 default profile: "default"
2026-06-04T21:22:17.639-04:00  INFO 23708 --- [sala-service] [main] .s.d.r.c.RepositoryConfigurationDelegate : Bootstrapping Spring Data JPA repositories in DEFAULT mode.
2026-06-04T21:22:17.713-04:00  INFO 23708 --- [sala-service] [main] .s.d.r.c.RepositoryConfigurationDelegate : Finished Spring Data repository scanning in 61 ms. Found 1 JPA repository interface.
2026-06-04T21:22:18.193-04:00  INFO 23708 --- [sala-service] [main] o.s.b.w.embedded.tomcat.TomcatWebServer  : Tomcat initialized with port 8083 (http)
2026-06-04T21:22:18.212-04:00  INFO 23708 --- [sala-service] [main] o.apache.catalina.core.StandardService   : Starting service [Tomcat]
2026-06-04T21:22:18.213-04:00  INFO 23708 --- [sala-service] [main] o.apache.catalina.core.StandardEngine    : Starting Servlet engine: [Apache Tomcat/10.1.54]
2026-06-04T21:22:18.282-04:00  INFO 23708 --- [sala-service] [main] o.a.c.c.C.[Tomcat].[localhost].[/]       : Initializing Spring embedded WebApplicationContext
2026-06-04T21:22:18.282-04:00  INFO 23708 --- [sala-service] [main] w.s.c.ServletWebServerApplicationContext : Root WebApplicationContext: initialization completed in 1363 ms
2026-06-04T21:22:18.436-04:00  INFO 23708 --- [sala-service] [main] com.zaxxer.hikari.HikariDataSource       : HikariPool-1 - Starting...
2026-06-04T21:22:18.603-04:00  INFO 23708 --- [sala-service] [main] com.zaxxer.hikari.pool.HikariPool        : HikariPool-1 - Added connection com.mysql.cj.jdbc.ConnectionImpl@71179b6f
2026-06-04T21:22:18.604-04:00  INFO 23708 --- [sala-service] [main] com.zaxxer.hikari.HikariDataSource       : HikariPool-1 - Start completed.
2026-06-04T21:22:19.236-04:00  INFO 23708 --- [sala-service] [main] liquibase.changelog                      : Reading from db_salas.databasechangelog
2026-06-04T21:22:19.293-04:00  INFO 23708 --- [sala-service] [main] liquibase.ui                             : Database is up to date, no changesets to execute
2026-06-04T21:22:19.296-04:00  INFO 23708 --- [sala-service] [main] liquibase.changelog                      : Reading from db_salas.databasechangelog
2026-06-04T21:22:19.307-04:00  INFO 23708 --- [sala-service] [main] liquibase.util                           : UPDATE SUMMARY
2026-06-04T21:22:19.307-04:00  INFO 23708 --- [sala-service] [main] liquibase.util                           : Run:                          0
2026-06-04T21:22:19.308-04:00  INFO 23708 --- [sala-service] [main] liquibase.util                           : Previously run:               2
2026-06-04T21:22:19.309-04:00  INFO 23708 --- [sala-service] [main] liquibase.util                           : Filtered out:                 0
2026-06-04T21:22:19.310-04:00  INFO 23708 --- [sala-service] [main] liquibase.util                           : -------------------------------
2026-06-04T21:22:19.310-04:00  INFO 23708 --- [sala-service] [main] liquibase.util                           : Total change sets:            2
2026-06-04T21:22:19.311-04:00  INFO 23708 --- [sala-service] [main] liquibase.util                           : Update summary generated
2026-06-04T21:22:19.312-04:00  INFO 23708 --- [sala-service] [main] liquibase.command                        : Command execution complete
2026-06-04T21:22:20.689-04:00  INFO 23708 --- [sala-service] [main] o.hibernate.jpa.internal.util.LogHelper  : HHH000204: Processing PersistenceUnitInfo [name: default]
2026-06-04T21:22:20.721-04:00  INFO 23708 --- [sala-service] [main] org.hibernate.Version                    : HHH000412: Hibernate ORM core version 6.6.49.Final
2026-06-04T21:22:20.741-04:00  INFO 23708 --- [sala-service] [main] o.h.c.internal.RegionFactoryInitiator    : HHH000026: Second-level cache disabled
2026-06-04T21:22:20.899-04:00  INFO 23708 --- [sala-service] [main] o.s.o.j.p.SpringPersistenceUnitInfo      : No LoadTimeWeaver setup: ignoring JPA class transformer
2026-06-04T21:22:20.937-04:00  WARN 23708 --- [sala-service] [main] org.hibernate.dialect.Dialect            : HHH000511: The 5.5.5 version for [org.hibernate.dialect.MySQLDialect] is no longer supported, hence certain features may not work properly. The minimum supported version is 8.0.0. Check the community dialects project for available legacy versions.
2026-06-04T21:22:20.945-04:00  INFO 23708 --- [sala-service] [main] org.hibernate.orm.connections.pooling    : HHH10001005: Database info:
	Database JDBC URL [Connecting through datasource 'HikariDataSource (HikariPool-1)']
	Database driver: undefined/unknown
	Database version: 5.5.5
	Autocommit mode: undefined/unknown
	Isolation level: undefined/unknown
	Minimum pool size: undefined/unknown
	Maximum pool size: undefined/unknown
2026-06-04T21:22:21.429-04:00  INFO 23708 --- [sala-service] [main] o.h.e.t.j.p.i.JtaPlatformInitiator       : HHH000489: No JTA platform available (set 'hibernate.transaction.jta.platform' to enable JTA platform integration)
2026-06-04T21:22:21.432-04:00  INFO 23708 --- [sala-service] [main] j.LocalContainerEntityManagerFactoryBean : Initialized JPA EntityManagerFactory for persistence unit 'default'
2026-06-04T21:22:21.558-04:00  WARN 23708 --- [sala-service] [main] JpaBaseConfiguration$JpaWebConfiguration : spring.jpa.open-in-view is enabled by default. Therefore, database queries may be performed during view rendering. Explicitly configure spring.jpa.open-in-view to disable this warning
2026-06-04T21:22:21.768-04:00  INFO 23708 --- [sala-service] [main] o.s.b.w.embedded.tomcat.TomcatWebServer  : Tomcat started on port 8083 (http) with context path '/'
2026-06-04T21:22:21.772-04:00  INFO 23708 --- [sala-service] [main] com.sala.SalaServiceApplication          : Started SalaServiceApplication in 5.459 seconds (process running for 5.912)
2026-06-04T21:23:55.491-04:00  INFO 21736 --- [sala-service] [main] com.sala.SalaServiceApplication          : Starting SalaServiceApplication using Java 25.0.1 with PID 21736 (D:\Descargas\proyecto programacion TERMINADO-20260523T201639Z-3-001\proyecto programacion TERMINADO\sala-service\target\classes started by gabri in D:\Descargas\proyecto programacion TERMINADO-20260523T201639Z-3-001\proyecto programacion TERMINADO\sala-service)
2026-06-04T21:23:55.494-04:00 DEBUG 21736 --- [sala-service] [main] com.sala.SalaServiceApplication          : Running with Spring Boot v3.5.14, Spring v6.2.18
2026-06-04T21:23:55.497-04:00  INFO 21736 --- [sala-service] [main] com.sala.SalaServiceApplication          : No active profile set, falling back to 1 default profile: "default"
2026-06-04T21:23:56.546-04:00  INFO 21736 --- [sala-service] [main] .s.d.r.c.RepositoryConfigurationDelegate : Bootstrapping Spring Data JPA repositories in DEFAULT mode.
2026-06-04T21:23:56.613-04:00  INFO 21736 --- [sala-service] [main] .s.d.r.c.RepositoryConfigurationDelegate : Finished Spring Data repository scanning in 50 ms. Found 1 JPA repository interface.
2026-06-04T21:23:57.056-04:00  INFO 21736 --- [sala-service] [main] o.s.b.w.embedded.tomcat.TomcatWebServer  : Tomcat initialized with port 8083 (http)
2026-06-04T21:23:57.071-04:00  INFO 21736 --- [sala-service] [main] o.apache.catalina.core.StandardService   : Starting service [Tomcat]
2026-06-04T21:23:57.071-04:00  INFO 21736 --- [sala-service] [main] o.apache.catalina.core.StandardEngine    : Starting Servlet engine: [Apache Tomcat/10.1.54]
2026-06-04T21:23:57.123-04:00  INFO 21736 --- [sala-service] [main] o.a.c.c.C.[Tomcat].[localhost].[/]       : Initializing Spring embedded WebApplicationContext
2026-06-04T21:23:57.123-04:00  INFO 21736 --- [sala-service] [main] w.s.c.ServletWebServerApplicationContext : Root WebApplicationContext: initialization completed in 1557 ms
2026-06-04T21:23:57.253-04:00  INFO 21736 --- [sala-service] [main] com.zaxxer.hikari.HikariDataSource       : HikariPool-1 - Starting...
2026-06-04T21:23:57.409-04:00  INFO 21736 --- [sala-service] [main] com.zaxxer.hikari.pool.HikariPool        : HikariPool-1 - Added connection com.mysql.cj.jdbc.ConnectionImpl@c02670f
2026-06-04T21:23:57.412-04:00  INFO 21736 --- [sala-service] [main] com.zaxxer.hikari.HikariDataSource       : HikariPool-1 - Start completed.
2026-06-04T21:23:58.068-04:00  INFO 21736 --- [sala-service] [main] liquibase.changelog                      : Reading from db_salas.databasechangelog
2026-06-04T21:23:58.125-04:00  INFO 21736 --- [sala-service] [main] liquibase.ui                             : Database is up to date, no changesets to execute
2026-06-04T21:23:58.127-04:00  INFO 21736 --- [sala-service] [main] liquibase.changelog                      : Reading from db_salas.databasechangelog
2026-06-04T21:23:58.134-04:00  INFO 21736 --- [sala-service] [main] liquibase.util                           : UPDATE SUMMARY
2026-06-04T21:23:58.134-04:00  INFO 21736 --- [sala-service] [main] liquibase.util                           : Run:                          0
2026-06-04T21:23:58.135-04:00  INFO 21736 --- [sala-service] [main] liquibase.util                           : Previously run:               2
2026-06-04T21:23:58.135-04:00  INFO 21736 --- [sala-service] [main] liquibase.util                           : Filtered out:                 0
2026-06-04T21:23:58.135-04:00  INFO 21736 --- [sala-service] [main] liquibase.util                           : -------------------------------
2026-06-04T21:23:58.135-04:00  INFO 21736 --- [sala-service] [main] liquibase.util                           : Total change sets:            2
2026-06-04T21:23:58.136-04:00  INFO 21736 --- [sala-service] [main] liquibase.util                           : Update summary generated
2026-06-04T21:23:58.138-04:00  INFO 21736 --- [sala-service] [main] liquibase.command                        : Command execution complete
2026-06-04T21:23:59.601-04:00  INFO 21736 --- [sala-service] [main] o.hibernate.jpa.internal.util.LogHelper  : HHH000204: Processing PersistenceUnitInfo [name: default]
2026-06-04T21:23:59.631-04:00  INFO 21736 --- [sala-service] [main] org.hibernate.Version                    : HHH000412: Hibernate ORM core version 6.6.49.Final
2026-06-04T21:23:59.651-04:00  INFO 21736 --- [sala-service] [main] o.h.c.internal.RegionFactoryInitiator    : HHH000026: Second-level cache disabled
2026-06-04T21:23:59.813-04:00  INFO 21736 --- [sala-service] [main] o.s.o.j.p.SpringPersistenceUnitInfo      : No LoadTimeWeaver setup: ignoring JPA class transformer
2026-06-04T21:23:59.851-04:00  WARN 21736 --- [sala-service] [main] org.hibernate.dialect.Dialect            : HHH000511: The 5.5.5 version for [org.hibernate.dialect.MySQLDialect] is no longer supported, hence certain features may not work properly. The minimum supported version is 8.0.0. Check the community dialects project for available legacy versions.
2026-06-04T21:23:59.862-04:00  INFO 21736 --- [sala-service] [main] org.hibernate.orm.connections.pooling    : HHH10001005: Database info:
	Database JDBC URL [Connecting through datasource 'HikariDataSource (HikariPool-1)']
	Database driver: undefined/unknown
	Database version: 5.5.5
	Autocommit mode: undefined/unknown
	Isolation level: undefined/unknown
	Minimum pool size: undefined/unknown
	Maximum pool size: undefined/unknown
2026-06-04T21:24:00.352-04:00  INFO 21736 --- [sala-service] [main] o.h.e.t.j.p.i.JtaPlatformInitiator       : HHH000489: No JTA platform available (set 'hibernate.transaction.jta.platform' to enable JTA platform integration)
2026-06-04T21:24:00.355-04:00  INFO 21736 --- [sala-service] [main] j.LocalContainerEntityManagerFactoryBean : Initialized JPA EntityManagerFactory for persistence unit 'default'
2026-06-04T21:24:00.520-04:00  WARN 21736 --- [sala-service] [main] JpaBaseConfiguration$JpaWebConfiguration : spring.jpa.open-in-view is enabled by default. Therefore, database queries may be performed during view rendering. Explicitly configure spring.jpa.open-in-view to disable this warning
2026-06-04T21:24:00.783-04:00  INFO 21736 --- [sala-service] [main] o.s.b.w.embedded.tomcat.TomcatWebServer  : Tomcat started on port 8083 (http) with context path '/'
2026-06-04T21:24:00.789-04:00  INFO 21736 --- [sala-service] [main] com.sala.SalaServiceApplication          : Started SalaServiceApplication in 5.865 seconds (process running for 6.277)
2026-06-04T21:24:56.061-04:00  INFO 16264 --- [sala-service] [main] com.sala.SalaServiceApplication          : Starting SalaServiceApplication using Java 25.0.1 with PID 16264 (D:\Descargas\proyecto programacion TERMINADO-20260523T201639Z-3-001\proyecto programacion TERMINADO\sala-service\target\classes started by gabri in D:\Descargas\proyecto programacion TERMINADO-20260523T201639Z-3-001\proyecto programacion TERMINADO\sala-service)
2026-06-04T21:24:56.064-04:00 DEBUG 16264 --- [sala-service] [main] com.sala.SalaServiceApplication          : Running with Spring Boot v3.5.14, Spring v6.2.18
2026-06-04T21:24:56.065-04:00  INFO 16264 --- [sala-service] [main] com.sala.SalaServiceApplication          : No active profile set, falling back to 1 default profile: "default"
2026-06-04T21:24:56.897-04:00  INFO 16264 --- [sala-service] [main] .s.d.r.c.RepositoryConfigurationDelegate : Bootstrapping Spring Data JPA repositories in DEFAULT mode.
2026-06-04T21:24:56.972-04:00  INFO 16264 --- [sala-service] [main] .s.d.r.c.RepositoryConfigurationDelegate : Finished Spring Data repository scanning in 62 ms. Found 1 JPA repository interface.
2026-06-04T21:24:57.438-04:00  INFO 16264 --- [sala-service] [main] o.s.b.w.embedded.tomcat.TomcatWebServer  : Tomcat initialized with port 8083 (http)
2026-06-04T21:24:57.455-04:00  INFO 16264 --- [sala-service] [main] o.apache.catalina.core.StandardService   : Starting service [Tomcat]
2026-06-04T21:24:57.455-04:00  INFO 16264 --- [sala-service] [main] o.apache.catalina.core.StandardEngine    : Starting Servlet engine: [Apache Tomcat/10.1.54]
2026-06-04T21:24:57.521-04:00  INFO 16264 --- [sala-service] [main] o.a.c.c.C.[Tomcat].[localhost].[/]       : Initializing Spring embedded WebApplicationContext
2026-06-04T21:24:57.522-04:00  INFO 16264 --- [sala-service] [main] w.s.c.ServletWebServerApplicationContext : Root WebApplicationContext: initialization completed in 1403 ms
2026-06-04T21:24:57.664-04:00  INFO 16264 --- [sala-service] [main] com.zaxxer.hikari.HikariDataSource       : HikariPool-1 - Starting...
2026-06-04T21:24:57.827-04:00  INFO 16264 --- [sala-service] [main] com.zaxxer.hikari.pool.HikariPool        : HikariPool-1 - Added connection com.mysql.cj.jdbc.ConnectionImpl@13bdf540
2026-06-04T21:24:57.828-04:00  INFO 16264 --- [sala-service] [main] com.zaxxer.hikari.HikariDataSource       : HikariPool-1 - Start completed.
2026-06-04T21:24:58.492-04:00  INFO 16264 --- [sala-service] [main] liquibase.changelog                      : Reading from db_salas.databasechangelog
2026-06-04T21:24:58.545-04:00  INFO 16264 --- [sala-service] [main] liquibase.ui                             : Database is up to date, no changesets to execute
2026-06-04T21:24:58.547-04:00  INFO 16264 --- [sala-service] [main] liquibase.changelog                      : Reading from db_salas.databasechangelog
2026-06-04T21:24:58.555-04:00  INFO 16264 --- [sala-service] [main] liquibase.util                           : UPDATE SUMMARY
2026-06-04T21:24:58.556-04:00  INFO 16264 --- [sala-service] [main] liquibase.util                           : Run:                          0
2026-06-04T21:24:58.556-04:00  INFO 16264 --- [sala-service] [main] liquibase.util                           : Previously run:               2
2026-06-04T21:24:58.556-04:00  INFO 16264 --- [sala-service] [main] liquibase.util                           : Filtered out:                 0
2026-06-04T21:24:58.557-04:00  INFO 16264 --- [sala-service] [main] liquibase.util                           : -------------------------------
2026-06-04T21:24:58.557-04:00  INFO 16264 --- [sala-service] [main] liquibase.util                           : Total change sets:            2
2026-06-04T21:24:58.558-04:00  INFO 16264 --- [sala-service] [main] liquibase.util                           : Update summary generated
2026-06-04T21:24:58.559-04:00  INFO 16264 --- [sala-service] [main] liquibase.command                        : Command execution complete
2026-06-04T21:25:00.107-04:00  INFO 16264 --- [sala-service] [main] o.hibernate.jpa.internal.util.LogHelper  : HHH000204: Processing PersistenceUnitInfo [name: default]
2026-06-04T21:25:00.141-04:00  INFO 16264 --- [sala-service] [main] org.hibernate.Version                    : HHH000412: Hibernate ORM core version 6.6.49.Final
2026-06-04T21:25:00.164-04:00  INFO 16264 --- [sala-service] [main] o.h.c.internal.RegionFactoryInitiator    : HHH000026: Second-level cache disabled
2026-06-04T21:25:00.342-04:00  INFO 16264 --- [sala-service] [main] o.s.o.j.p.SpringPersistenceUnitInfo      : No LoadTimeWeaver setup: ignoring JPA class transformer
2026-06-04T21:25:00.383-04:00  WARN 16264 --- [sala-service] [main] org.hibernate.dialect.Dialect            : HHH000511: The 5.5.5 version for [org.hibernate.dialect.MySQLDialect] is no longer supported, hence certain features may not work properly. The minimum supported version is 8.0.0. Check the community dialects project for available legacy versions.
2026-06-04T21:25:00.394-04:00  INFO 16264 --- [sala-service] [main] org.hibernate.orm.connections.pooling    : HHH10001005: Database info:
	Database JDBC URL [Connecting through datasource 'HikariDataSource (HikariPool-1)']
	Database driver: undefined/unknown
	Database version: 5.5.5
	Autocommit mode: undefined/unknown
	Isolation level: undefined/unknown
	Minimum pool size: undefined/unknown
	Maximum pool size: undefined/unknown
2026-06-04T21:25:00.934-04:00  INFO 16264 --- [sala-service] [main] o.h.e.t.j.p.i.JtaPlatformInitiator       : HHH000489: No JTA platform available (set 'hibernate.transaction.jta.platform' to enable JTA platform integration)
2026-06-04T21:25:00.936-04:00  INFO 16264 --- [sala-service] [main] j.LocalContainerEntityManagerFactoryBean : Initialized JPA EntityManagerFactory for persistence unit 'default'
2026-06-04T21:25:01.072-04:00  WARN 16264 --- [sala-service] [main] JpaBaseConfiguration$JpaWebConfiguration : spring.jpa.open-in-view is enabled by default. Therefore, database queries may be performed during view rendering. Explicitly configure spring.jpa.open-in-view to disable this warning
2026-06-04T21:25:01.301-04:00  INFO 16264 --- [sala-service] [main] o.s.b.w.embedded.tomcat.TomcatWebServer  : Tomcat started on port 8083 (http) with context path '/'
2026-06-04T21:25:01.308-04:00  INFO 16264 --- [sala-service] [main] com.sala.SalaServiceApplication          : Started SalaServiceApplication in 5.803 seconds (process running for 6.252)
2026-06-04T21:29:17.039-04:00  INFO 24140 --- [sala-service] [main] com.sala.SalaServiceApplication          : Starting SalaServiceApplication using Java 25.0.1 with PID 24140 (D:\Descargas\proyecto programacion TERMINADO-20260523T201639Z-3-001\proyecto programacion TERMINADO\sala-service\target\classes started by gabri in D:\Descargas\proyecto programacion TERMINADO-20260523T201639Z-3-001\proyecto programacion TERMINADO\sala-service)
2026-06-04T21:29:17.042-04:00 DEBUG 24140 --- [sala-service] [main] com.sala.SalaServiceApplication          : Running with Spring Boot v3.5.14, Spring v6.2.18
2026-06-04T21:29:17.045-04:00  INFO 24140 --- [sala-service] [main] com.sala.SalaServiceApplication          : No active profile set, falling back to 1 default profile: "default"
2026-06-04T21:29:17.779-04:00  INFO 24140 --- [sala-service] [main] .s.d.r.c.RepositoryConfigurationDelegate : Bootstrapping Spring Data JPA repositories in DEFAULT mode.
2026-06-04T21:29:17.843-04:00  INFO 24140 --- [sala-service] [main] .s.d.r.c.RepositoryConfigurationDelegate : Finished Spring Data repository scanning in 49 ms. Found 1 JPA repository interface.
2026-06-04T21:29:18.343-04:00  INFO 24140 --- [sala-service] [main] o.s.b.w.embedded.tomcat.TomcatWebServer  : Tomcat initialized with port 8083 (http)
2026-06-04T21:29:18.358-04:00  INFO 24140 --- [sala-service] [main] o.apache.catalina.core.StandardService   : Starting service [Tomcat]
2026-06-04T21:29:18.359-04:00  INFO 24140 --- [sala-service] [main] o.apache.catalina.core.StandardEngine    : Starting Servlet engine: [Apache Tomcat/10.1.54]
2026-06-04T21:29:18.424-04:00  INFO 24140 --- [sala-service] [main] o.a.c.c.C.[Tomcat].[localhost].[/]       : Initializing Spring embedded WebApplicationContext
2026-06-04T21:29:18.425-04:00  INFO 24140 --- [sala-service] [main] w.s.c.ServletWebServerApplicationContext : Root WebApplicationContext: initialization completed in 1329 ms
2026-06-04T21:29:18.581-04:00  INFO 24140 --- [sala-service] [main] com.zaxxer.hikari.HikariDataSource       : HikariPool-1 - Starting...
2026-06-04T21:29:18.770-04:00  INFO 24140 --- [sala-service] [main] com.zaxxer.hikari.pool.HikariPool        : HikariPool-1 - Added connection com.mysql.cj.jdbc.ConnectionImpl@65629ac6
2026-06-04T21:29:18.771-04:00  INFO 24140 --- [sala-service] [main] com.zaxxer.hikari.HikariDataSource       : HikariPool-1 - Start completed.
2026-06-04T21:29:19.415-04:00  INFO 24140 --- [sala-service] [main] liquibase.changelog                      : Reading from db_salas.databasechangelog
2026-06-04T21:29:19.476-04:00  INFO 24140 --- [sala-service] [main] liquibase.ui                             : Database is up to date, no changesets to execute
2026-06-04T21:29:19.478-04:00  INFO 24140 --- [sala-service] [main] liquibase.changelog                      : Reading from db_salas.databasechangelog
2026-06-04T21:29:19.488-04:00  INFO 24140 --- [sala-service] [main] liquibase.util                           : UPDATE SUMMARY
2026-06-04T21:29:19.489-04:00  INFO 24140 --- [sala-service] [main] liquibase.util                           : Run:                          0
2026-06-04T21:29:19.489-04:00  INFO 24140 --- [sala-service] [main] liquibase.util                           : Previously run:               2
2026-06-04T21:29:19.489-04:00  INFO 24140 --- [sala-service] [main] liquibase.util                           : Filtered out:                 0
2026-06-04T21:29:19.490-04:00  INFO 24140 --- [sala-service] [main] liquibase.util                           : -------------------------------
2026-06-04T21:29:19.490-04:00  INFO 24140 --- [sala-service] [main] liquibase.util                           : Total change sets:            2
2026-06-04T21:29:19.491-04:00  INFO 24140 --- [sala-service] [main] liquibase.util                           : Update summary generated
2026-06-04T21:29:19.492-04:00  INFO 24140 --- [sala-service] [main] liquibase.command                        : Command execution complete
2026-06-04T21:29:20.971-04:00  INFO 24140 --- [sala-service] [main] o.hibernate.jpa.internal.util.LogHelper  : HHH000204: Processing PersistenceUnitInfo [name: default]
2026-06-04T21:29:21.011-04:00  INFO 24140 --- [sala-service] [main] org.hibernate.Version                    : HHH000412: Hibernate ORM core version 6.6.49.Final
2026-06-04T21:29:21.031-04:00  INFO 24140 --- [sala-service] [main] o.h.c.internal.RegionFactoryInitiator    : HHH000026: Second-level cache disabled
2026-06-04T21:29:21.205-04:00  INFO 24140 --- [sala-service] [main] o.s.o.j.p.SpringPersistenceUnitInfo      : No LoadTimeWeaver setup: ignoring JPA class transformer
2026-06-04T21:29:21.244-04:00  WARN 24140 --- [sala-service] [main] org.hibernate.dialect.Dialect            : HHH000511: The 5.5.5 version for [org.hibernate.dialect.MySQLDialect] is no longer supported, hence certain features may not work properly. The minimum supported version is 8.0.0. Check the community dialects project for available legacy versions.
2026-06-04T21:29:21.255-04:00  INFO 24140 --- [sala-service] [main] org.hibernate.orm.connections.pooling    : HHH10001005: Database info:
	Database JDBC URL [Connecting through datasource 'HikariDataSource (HikariPool-1)']
	Database driver: undefined/unknown
	Database version: 5.5.5
	Autocommit mode: undefined/unknown
	Isolation level: undefined/unknown
	Minimum pool size: undefined/unknown
	Maximum pool size: undefined/unknown
2026-06-04T21:29:21.737-04:00  INFO 24140 --- [sala-service] [main] o.h.e.t.j.p.i.JtaPlatformInitiator       : HHH000489: No JTA platform available (set 'hibernate.transaction.jta.platform' to enable JTA platform integration)
2026-06-04T21:29:21.739-04:00  INFO 24140 --- [sala-service] [main] j.LocalContainerEntityManagerFactoryBean : Initialized JPA EntityManagerFactory for persistence unit 'default'
2026-06-04T21:29:21.874-04:00  WARN 24140 --- [sala-service] [main] JpaBaseConfiguration$JpaWebConfiguration : spring.jpa.open-in-view is enabled by default. Therefore, database queries may be performed during view rendering. Explicitly configure spring.jpa.open-in-view to disable this warning
2026-06-04T21:29:22.079-04:00  INFO 24140 --- [sala-service] [main] o.s.b.w.embedded.tomcat.TomcatWebServer  : Tomcat started on port 8083 (http) with context path '/'
2026-06-04T21:29:22.084-04:00  INFO 24140 --- [sala-service] [main] com.sala.SalaServiceApplication          : Started SalaServiceApplication in 5.618 seconds (process running for 6.041)
2026-06-04T21:30:23.297-04:00  INFO 5508 --- [sala-service] [main] com.sala.SalaServiceApplication          : Starting SalaServiceApplication using Java 25.0.1 with PID 5508 (D:\Descargas\proyecto programacion TERMINADO-20260523T201639Z-3-001\proyecto programacion TERMINADO\sala-service\target\classes started by gabri in D:\Descargas\proyecto programacion TERMINADO-20260523T201639Z-3-001\proyecto programacion TERMINADO\sala-service)
2026-06-04T21:30:23.299-04:00 DEBUG 5508 --- [sala-service] [main] com.sala.SalaServiceApplication          : Running with Spring Boot v3.5.14, Spring v6.2.18
2026-06-04T21:30:23.302-04:00  INFO 5508 --- [sala-service] [main] com.sala.SalaServiceApplication          : No active profile set, falling back to 1 default profile: "default"
2026-06-04T21:30:24.012-04:00  INFO 5508 --- [sala-service] [main] .s.d.r.c.RepositoryConfigurationDelegate : Bootstrapping Spring Data JPA repositories in DEFAULT mode.
2026-06-04T21:30:24.081-04:00  INFO 5508 --- [sala-service] [main] .s.d.r.c.RepositoryConfigurationDelegate : Finished Spring Data repository scanning in 55 ms. Found 1 JPA repository interface.
2026-06-04T21:30:24.518-04:00  INFO 5508 --- [sala-service] [main] o.s.b.w.embedded.tomcat.TomcatWebServer  : Tomcat initialized with port 8083 (http)
2026-06-04T21:30:24.531-04:00  INFO 5508 --- [sala-service] [main] o.apache.catalina.core.StandardService   : Starting service [Tomcat]
2026-06-04T21:30:24.532-04:00  INFO 5508 --- [sala-service] [main] o.apache.catalina.core.StandardEngine    : Starting Servlet engine: [Apache Tomcat/10.1.54]
2026-06-04T21:30:24.585-04:00  INFO 5508 --- [sala-service] [main] o.a.c.c.C.[Tomcat].[localhost].[/]       : Initializing Spring embedded WebApplicationContext
2026-06-04T21:30:24.585-04:00  INFO 5508 --- [sala-service] [main] w.s.c.ServletWebServerApplicationContext : Root WebApplicationContext: initialization completed in 1236 ms
2026-06-04T21:30:24.719-04:00  INFO 5508 --- [sala-service] [main] com.zaxxer.hikari.HikariDataSource       : HikariPool-1 - Starting...
2026-06-04T21:30:24.879-04:00  INFO 5508 --- [sala-service] [main] com.zaxxer.hikari.pool.HikariPool        : HikariPool-1 - Added connection com.mysql.cj.jdbc.ConnectionImpl@c02670f
2026-06-04T21:30:24.881-04:00  INFO 5508 --- [sala-service] [main] com.zaxxer.hikari.HikariDataSource       : HikariPool-1 - Start completed.
2026-06-04T21:30:25.526-04:00  INFO 5508 --- [sala-service] [main] liquibase.changelog                      : Reading from db_salas.databasechangelog
2026-06-04T21:30:25.577-04:00  INFO 5508 --- [sala-service] [main] liquibase.ui                             : Database is up to date, no changesets to execute
2026-06-04T21:30:25.687-04:00  INFO 5508 --- [sala-service] [main] liquibase.changelog                      : Reading from db_salas.databasechangelog
2026-06-04T21:30:25.693-04:00  INFO 5508 --- [sala-service] [main] liquibase.util                           : UPDATE SUMMARY
2026-06-04T21:30:25.694-04:00  INFO 5508 --- [sala-service] [main] liquibase.util                           : Run:                          0
2026-06-04T21:30:25.694-04:00  INFO 5508 --- [sala-service] [main] liquibase.util                           : Previously run:               2
2026-06-04T21:30:25.694-04:00  INFO 5508 --- [sala-service] [main] liquibase.util                           : Filtered out:                 0
2026-06-04T21:30:25.694-04:00  INFO 5508 --- [sala-service] [main] liquibase.util                           : -------------------------------
2026-06-04T21:30:25.694-04:00  INFO 5508 --- [sala-service] [main] liquibase.util                           : Total change sets:            2
2026-06-04T21:30:25.695-04:00  INFO 5508 --- [sala-service] [main] liquibase.util                           : Update summary generated
2026-06-04T21:30:25.696-04:00  INFO 5508 --- [sala-service] [main] liquibase.command                        : Command execution complete
2026-06-04T21:30:27.145-04:00  INFO 5508 --- [sala-service] [main] o.hibernate.jpa.internal.util.LogHelper  : HHH000204: Processing PersistenceUnitInfo [name: default]
2026-06-04T21:30:27.173-04:00  INFO 5508 --- [sala-service] [main] org.hibernate.Version                    : HHH000412: Hibernate ORM core version 6.6.49.Final
2026-06-04T21:30:27.192-04:00  INFO 5508 --- [sala-service] [main] o.h.c.internal.RegionFactoryInitiator    : HHH000026: Second-level cache disabled
2026-06-04T21:30:27.358-04:00  INFO 5508 --- [sala-service] [main] o.s.o.j.p.SpringPersistenceUnitInfo      : No LoadTimeWeaver setup: ignoring JPA class transformer
2026-06-04T21:30:27.394-04:00  WARN 5508 --- [sala-service] [main] org.hibernate.dialect.Dialect            : HHH000511: The 5.5.5 version for [org.hibernate.dialect.MySQLDialect] is no longer supported, hence certain features may not work properly. The minimum supported version is 8.0.0. Check the community dialects project for available legacy versions.
2026-06-04T21:30:27.403-04:00  INFO 5508 --- [sala-service] [main] org.hibernate.orm.connections.pooling    : HHH10001005: Database info:
	Database JDBC URL [Connecting through datasource 'HikariDataSource (HikariPool-1)']
	Database driver: undefined/unknown
	Database version: 5.5.5
	Autocommit mode: undefined/unknown
	Isolation level: undefined/unknown
	Minimum pool size: undefined/unknown
	Maximum pool size: undefined/unknown
2026-06-04T21:30:27.933-04:00  INFO 5508 --- [sala-service] [main] o.h.e.t.j.p.i.JtaPlatformInitiator       : HHH000489: No JTA platform available (set 'hibernate.transaction.jta.platform' to enable JTA platform integration)
2026-06-04T21:30:27.935-04:00  INFO 5508 --- [sala-service] [main] j.LocalContainerEntityManagerFactoryBean : Initialized JPA EntityManagerFactory for persistence unit 'default'
2026-06-04T21:30:28.081-04:00  WARN 5508 --- [sala-service] [main] JpaBaseConfiguration$JpaWebConfiguration : spring.jpa.open-in-view is enabled by default. Therefore, database queries may be performed during view rendering. Explicitly configure spring.jpa.open-in-view to disable this warning
2026-06-04T21:30:28.336-04:00  INFO 5508 --- [sala-service] [main] o.s.b.w.embedded.tomcat.TomcatWebServer  : Tomcat started on port 8083 (http) with context path '/'
2026-06-04T21:30:28.343-04:00  INFO 5508 --- [sala-service] [main] com.sala.SalaServiceApplication          : Started SalaServiceApplication in 5.56 seconds (process running for 5.957)
2026-06-04T21:32:17.351-04:00  INFO 20560 --- [sala-service] [main] com.sala.SalaServiceApplication          : Starting SalaServiceApplication using Java 25.0.1 with PID 20560 (D:\Descargas\proyecto programacion TERMINADO-20260523T201639Z-3-001\proyecto programacion TERMINADO\sala-service\target\classes started by gabri in D:\Descargas\proyecto programacion TERMINADO-20260523T201639Z-3-001\proyecto programacion TERMINADO\sala-service)
2026-06-04T21:32:17.352-04:00 DEBUG 20560 --- [sala-service] [main] com.sala.SalaServiceApplication          : Running with Spring Boot v3.5.14, Spring v6.2.18
2026-06-04T21:32:17.353-04:00  INFO 20560 --- [sala-service] [main] com.sala.SalaServiceApplication          : No active profile set, falling back to 1 default profile: "default"
2026-06-04T21:32:18.225-04:00  INFO 20560 --- [sala-service] [main] .s.d.r.c.RepositoryConfigurationDelegate : Bootstrapping Spring Data JPA repositories in DEFAULT mode.
2026-06-04T21:32:18.331-04:00  INFO 20560 --- [sala-service] [main] .s.d.r.c.RepositoryConfigurationDelegate : Finished Spring Data repository scanning in 94 ms. Found 1 JPA repository interface.
2026-06-04T21:32:19.015-04:00  INFO 20560 --- [sala-service] [main] o.s.b.w.embedded.tomcat.TomcatWebServer  : Tomcat initialized with port 8083 (http)
2026-06-04T21:32:19.032-04:00  INFO 20560 --- [sala-service] [main] o.apache.catalina.core.StandardService   : Starting service [Tomcat]
2026-06-04T21:32:19.033-04:00  INFO 20560 --- [sala-service] [main] o.apache.catalina.core.StandardEngine    : Starting Servlet engine: [Apache Tomcat/10.1.54]
2026-06-04T21:32:19.113-04:00  INFO 20560 --- [sala-service] [main] o.a.c.c.C.[Tomcat].[localhost].[/]       : Initializing Spring embedded WebApplicationContext
2026-06-04T21:32:19.114-04:00  INFO 20560 --- [sala-service] [main] w.s.c.ServletWebServerApplicationContext : Root WebApplicationContext: initialization completed in 1710 ms
2026-06-04T21:32:19.275-04:00  INFO 20560 --- [sala-service] [main] com.zaxxer.hikari.HikariDataSource       : HikariPool-1 - Starting...
2026-06-04T21:32:19.491-04:00  INFO 20560 --- [sala-service] [main] com.zaxxer.hikari.pool.HikariPool        : HikariPool-1 - Added connection com.mysql.cj.jdbc.ConnectionImpl@71179b6f
2026-06-04T21:32:19.493-04:00  INFO 20560 --- [sala-service] [main] com.zaxxer.hikari.HikariDataSource       : HikariPool-1 - Start completed.
2026-06-04T21:32:20.250-04:00  INFO 20560 --- [sala-service] [main] liquibase.changelog                      : Reading from db_salas.databasechangelog
2026-06-04T21:32:20.329-04:00  INFO 20560 --- [sala-service] [main] liquibase.ui                             : Database is up to date, no changesets to execute
2026-06-04T21:32:20.331-04:00  INFO 20560 --- [sala-service] [main] liquibase.changelog                      : Reading from db_salas.databasechangelog
2026-06-04T21:32:20.343-04:00  INFO 20560 --- [sala-service] [main] liquibase.util                           : UPDATE SUMMARY
2026-06-04T21:32:20.344-04:00  INFO 20560 --- [sala-service] [main] liquibase.util                           : Run:                          0
2026-06-04T21:32:20.345-04:00  INFO 20560 --- [sala-service] [main] liquibase.util                           : Previously run:               2
2026-06-04T21:32:20.346-04:00  INFO 20560 --- [sala-service] [main] liquibase.util                           : Filtered out:                 0
2026-06-04T21:32:20.346-04:00  INFO 20560 --- [sala-service] [main] liquibase.util                           : -------------------------------
2026-06-04T21:32:20.348-04:00  INFO 20560 --- [sala-service] [main] liquibase.util                           : Total change sets:            2
2026-06-04T21:32:20.348-04:00  INFO 20560 --- [sala-service] [main] liquibase.util                           : Update summary generated
2026-06-04T21:32:20.350-04:00  INFO 20560 --- [sala-service] [main] liquibase.command                        : Command execution complete
2026-06-04T21:32:21.822-04:00  INFO 20560 --- [sala-service] [main] o.hibernate.jpa.internal.util.LogHelper  : HHH000204: Processing PersistenceUnitInfo [name: default]
2026-06-04T21:32:21.850-04:00  INFO 20560 --- [sala-service] [main] org.hibernate.Version                    : HHH000412: Hibernate ORM core version 6.6.49.Final
2026-06-04T21:32:21.869-04:00  INFO 20560 --- [sala-service] [main] o.h.c.internal.RegionFactoryInitiator    : HHH000026: Second-level cache disabled
2026-06-04T21:32:22.037-04:00  INFO 20560 --- [sala-service] [main] o.s.o.j.p.SpringPersistenceUnitInfo      : No LoadTimeWeaver setup: ignoring JPA class transformer
2026-06-04T21:32:22.073-04:00  WARN 20560 --- [sala-service] [main] org.hibernate.dialect.Dialect            : HHH000511: The 5.5.5 version for [org.hibernate.dialect.MySQLDialect] is no longer supported, hence certain features may not work properly. The minimum supported version is 8.0.0. Check the community dialects project for available legacy versions.
2026-06-04T21:32:22.081-04:00  INFO 20560 --- [sala-service] [main] org.hibernate.orm.connections.pooling    : HHH10001005: Database info:
	Database JDBC URL [Connecting through datasource 'HikariDataSource (HikariPool-1)']
	Database driver: undefined/unknown
	Database version: 5.5.5
	Autocommit mode: undefined/unknown
	Isolation level: undefined/unknown
	Minimum pool size: undefined/unknown
	Maximum pool size: undefined/unknown
2026-06-04T21:32:22.611-04:00  INFO 20560 --- [sala-service] [main] o.h.e.t.j.p.i.JtaPlatformInitiator       : HHH000489: No JTA platform available (set 'hibernate.transaction.jta.platform' to enable JTA platform integration)
2026-06-04T21:32:22.616-04:00  INFO 20560 --- [sala-service] [main] j.LocalContainerEntityManagerFactoryBean : Initialized JPA EntityManagerFactory for persistence unit 'default'
2026-06-04T21:32:22.788-04:00  WARN 20560 --- [sala-service] [main] JpaBaseConfiguration$JpaWebConfiguration : spring.jpa.open-in-view is enabled by default. Therefore, database queries may be performed during view rendering. Explicitly configure spring.jpa.open-in-view to disable this warning
2026-06-04T21:32:23.041-04:00  INFO 20560 --- [sala-service] [main] o.s.b.w.embedded.tomcat.TomcatWebServer  : Tomcat started on port 8083 (http) with context path '/'
2026-06-04T21:32:23.048-04:00  INFO 20560 --- [sala-service] [main] com.sala.SalaServiceApplication          : Started SalaServiceApplication in 6.378 seconds (process running for 6.854)
2026-06-04T21:45:51.755-04:00  INFO 24056 --- [sala-service] [main] com.sala.SalaServiceApplication          : Starting SalaServiceApplication using Java 25.0.1 with PID 24056 (D:\Descargas\proyecto programacion TERMINADO-20260523T201639Z-3-001\proyecto programacion TERMINADO\sala-service\target\classes started by gabri in D:\Descargas\proyecto programacion TERMINADO-20260523T201639Z-3-001\proyecto programacion TERMINADO\sala-service)
2026-06-04T21:45:51.757-04:00 DEBUG 24056 --- [sala-service] [main] com.sala.SalaServiceApplication          : Running with Spring Boot v3.5.14, Spring v6.2.18
2026-06-04T21:45:51.758-04:00  INFO 24056 --- [sala-service] [main] com.sala.SalaServiceApplication          : No active profile set, falling back to 1 default profile: "default"
2026-06-04T21:45:52.624-04:00  INFO 24056 --- [sala-service] [main] .s.d.r.c.RepositoryConfigurationDelegate : Bootstrapping Spring Data JPA repositories in DEFAULT mode.
2026-06-04T21:45:52.696-04:00  INFO 24056 --- [sala-service] [main] .s.d.r.c.RepositoryConfigurationDelegate : Finished Spring Data repository scanning in 61 ms. Found 1 JPA repository interface.
2026-06-04T21:45:53.231-04:00  INFO 24056 --- [sala-service] [main] o.s.b.w.embedded.tomcat.TomcatWebServer  : Tomcat initialized with port 8083 (http)
2026-06-04T21:45:53.248-04:00  INFO 24056 --- [sala-service] [main] o.apache.catalina.core.StandardService   : Starting service [Tomcat]
2026-06-04T21:45:53.248-04:00  INFO 24056 --- [sala-service] [main] o.apache.catalina.core.StandardEngine    : Starting Servlet engine: [Apache Tomcat/10.1.54]
2026-06-04T21:45:53.308-04:00  INFO 24056 --- [sala-service] [main] o.a.c.c.C.[Tomcat].[localhost].[/]       : Initializing Spring embedded WebApplicationContext
2026-06-04T21:45:53.309-04:00  INFO 24056 --- [sala-service] [main] w.s.c.ServletWebServerApplicationContext : Root WebApplicationContext: initialization completed in 1498 ms
2026-06-04T21:45:53.504-04:00  INFO 24056 --- [sala-service] [main] com.zaxxer.hikari.HikariDataSource       : HikariPool-1 - Starting...
2026-06-04T21:45:53.671-04:00  INFO 24056 --- [sala-service] [main] com.zaxxer.hikari.pool.HikariPool        : HikariPool-1 - Added connection com.mysql.cj.jdbc.ConnectionImpl@c02670f
2026-06-04T21:45:53.673-04:00  INFO 24056 --- [sala-service] [main] com.zaxxer.hikari.HikariDataSource       : HikariPool-1 - Start completed.
2026-06-04T21:45:54.388-04:00  INFO 24056 --- [sala-service] [main] liquibase.changelog                      : Reading from db_salas.databasechangelog
2026-06-04T21:45:54.449-04:00  INFO 24056 --- [sala-service] [main] liquibase.ui                             : Database is up to date, no changesets to execute
2026-06-04T21:45:54.453-04:00  INFO 24056 --- [sala-service] [main] liquibase.changelog                      : Reading from db_salas.databasechangelog
2026-06-04T21:45:54.462-04:00  INFO 24056 --- [sala-service] [main] liquibase.util                           : UPDATE SUMMARY
2026-06-04T21:45:54.463-04:00  INFO 24056 --- [sala-service] [main] liquibase.util                           : Run:                          0
2026-06-04T21:45:54.464-04:00  INFO 24056 --- [sala-service] [main] liquibase.util                           : Previously run:               2
2026-06-04T21:45:54.464-04:00  INFO 24056 --- [sala-service] [main] liquibase.util                           : Filtered out:                 0
2026-06-04T21:45:54.465-04:00  INFO 24056 --- [sala-service] [main] liquibase.util                           : -------------------------------
2026-06-04T21:45:54.465-04:00  INFO 24056 --- [sala-service] [main] liquibase.util                           : Total change sets:            2
2026-06-04T21:45:54.466-04:00  INFO 24056 --- [sala-service] [main] liquibase.util                           : Update summary generated
2026-06-04T21:45:54.467-04:00  INFO 24056 --- [sala-service] [main] liquibase.command                        : Command execution complete
2026-06-04T21:45:56.017-04:00  INFO 24056 --- [sala-service] [main] o.hibernate.jpa.internal.util.LogHelper  : HHH000204: Processing PersistenceUnitInfo [name: default]
2026-06-04T21:45:56.041-04:00  INFO 24056 --- [sala-service] [main] org.hibernate.Version                    : HHH000412: Hibernate ORM core version 6.6.49.Final
2026-06-04T21:45:56.059-04:00  INFO 24056 --- [sala-service] [main] o.h.c.internal.RegionFactoryInitiator    : HHH000026: Second-level cache disabled
2026-06-04T21:45:56.223-04:00  INFO 24056 --- [sala-service] [main] o.s.o.j.p.SpringPersistenceUnitInfo      : No LoadTimeWeaver setup: ignoring JPA class transformer
2026-06-04T21:45:56.259-04:00  WARN 24056 --- [sala-service] [main] org.hibernate.dialect.Dialect            : HHH000511: The 5.5.5 version for [org.hibernate.dialect.MySQLDialect] is no longer supported, hence certain features may not work properly. The minimum supported version is 8.0.0. Check the community dialects project for available legacy versions.
2026-06-04T21:45:56.270-04:00  INFO 24056 --- [sala-service] [main] org.hibernate.orm.connections.pooling    : HHH10001005: Database info:
	Database JDBC URL [Connecting through datasource 'HikariDataSource (HikariPool-1)']
	Database driver: undefined/unknown
	Database version: 5.5.5
	Autocommit mode: undefined/unknown
	Isolation level: undefined/unknown
	Minimum pool size: undefined/unknown
	Maximum pool size: undefined/unknown
2026-06-04T21:45:56.760-04:00  INFO 24056 --- [sala-service] [main] o.h.e.t.j.p.i.JtaPlatformInitiator       : HHH000489: No JTA platform available (set 'hibernate.transaction.jta.platform' to enable JTA platform integration)
2026-06-04T21:45:56.762-04:00  INFO 24056 --- [sala-service] [main] j.LocalContainerEntityManagerFactoryBean : Initialized JPA EntityManagerFactory for persistence unit 'default'
2026-06-04T21:45:56.898-04:00  WARN 24056 --- [sala-service] [main] JpaBaseConfiguration$JpaWebConfiguration : spring.jpa.open-in-view is enabled by default. Therefore, database queries may be performed during view rendering. Explicitly configure spring.jpa.open-in-view to disable this warning
2026-06-04T21:45:57.104-04:00  INFO 24056 --- [sala-service] [main] o.s.b.w.embedded.tomcat.TomcatWebServer  : Tomcat started on port 8083 (http) with context path '/'
2026-06-04T21:45:57.108-04:00  INFO 24056 --- [sala-service] [main] com.sala.SalaServiceApplication          : Started SalaServiceApplication in 5.873 seconds (process running for 6.319)
