2026-06-06T00:28:30.681-04:00  INFO 18512 --- [pagos-service] [main] com.pagos.PagosServiceApplication        : Starting PagosServiceApplication using Java 25.0.1 with PID 18512 (D:\Descargas\proyecto programacion TERMINADO-20260523T201639Z-3-001\proyecto programacion TERMINADO\pagos-service\target\classes started by gabri in D:\Descargas\proyecto programacion TERMINADO-20260523T201639Z-3-001\proyecto programacion TERMINADO\pagos-service)
2026-06-06T00:28:30.691-04:00 DEBUG 18512 --- [pagos-service] [main] com.pagos.PagosServiceApplication        : Running with Spring Boot v3.5.14, Spring v6.2.18
2026-06-06T00:28:30.693-04:00  INFO 18512 --- [pagos-service] [main] com.pagos.PagosServiceApplication        : No active profile set, falling back to 1 default profile: "default"
2026-06-06T00:28:31.684-04:00  INFO 18512 --- [pagos-service] [main] .s.d.r.c.RepositoryConfigurationDelegate : Bootstrapping Spring Data JPA repositories in DEFAULT mode.
2026-06-06T00:28:31.747-04:00  INFO 18512 --- [pagos-service] [main] .s.d.r.c.RepositoryConfigurationDelegate : Finished Spring Data repository scanning in 50 ms. Found 1 JPA repository interface.
2026-06-06T00:28:32.341-04:00  INFO 18512 --- [pagos-service] [main] o.s.b.w.embedded.tomcat.TomcatWebServer  : Tomcat initialized with port 8086 (http)
2026-06-06T00:28:32.355-04:00  INFO 18512 --- [pagos-service] [main] o.apache.catalina.core.StandardService   : Starting service [Tomcat]
2026-06-06T00:28:32.355-04:00  INFO 18512 --- [pagos-service] [main] o.apache.catalina.core.StandardEngine    : Starting Servlet engine: [Apache Tomcat/10.1.54]
2026-06-06T00:28:32.415-04:00  INFO 18512 --- [pagos-service] [main] o.a.c.c.C.[Tomcat].[localhost].[/]       : Initializing Spring embedded WebApplicationContext
2026-06-06T00:28:32.416-04:00  INFO 18512 --- [pagos-service] [main] w.s.c.ServletWebServerApplicationContext : Root WebApplicationContext: initialization completed in 1641 ms
2026-06-06T00:28:32.583-04:00  INFO 18512 --- [pagos-service] [main] o.hibernate.jpa.internal.util.LogHelper  : HHH000204: Processing PersistenceUnitInfo [name: default]
2026-06-06T00:28:32.630-04:00  INFO 18512 --- [pagos-service] [main] org.hibernate.Version                    : HHH000412: Hibernate ORM core version 6.6.49.Final
2026-06-06T00:28:32.659-04:00  INFO 18512 --- [pagos-service] [main] o.h.c.internal.RegionFactoryInitiator    : HHH000026: Second-level cache disabled
2026-06-06T00:28:33.009-04:00  INFO 18512 --- [pagos-service] [main] o.s.o.j.p.SpringPersistenceUnitInfo      : No LoadTimeWeaver setup: ignoring JPA class transformer
2026-06-06T00:28:33.041-04:00  INFO 18512 --- [pagos-service] [main] com.zaxxer.hikari.HikariDataSource       : HikariPool-1 - Starting...
2026-06-06T00:28:33.191-04:00  INFO 18512 --- [pagos-service] [main] com.zaxxer.hikari.pool.HikariPool        : HikariPool-1 - Added connection com.mysql.cj.jdbc.ConnectionImpl@60a01cb
2026-06-06T00:28:33.193-04:00  INFO 18512 --- [pagos-service] [main] com.zaxxer.hikari.HikariDataSource       : HikariPool-1 - Start completed.
2026-06-06T00:28:33.237-04:00  WARN 18512 --- [pagos-service] [main] org.hibernate.dialect.Dialect            : HHH000511: The 5.5.5 version for [org.hibernate.dialect.MySQLDialect] is no longer supported, hence certain features may not work properly. The minimum supported version is 8.0.0. Check the community dialects project for available legacy versions.
2026-06-06T00:28:33.255-04:00  INFO 18512 --- [pagos-service] [main] org.hibernate.orm.connections.pooling    : HHH10001005: Database info:
	Database JDBC URL [Connecting through datasource 'HikariDataSource (HikariPool-1)']
	Database driver: undefined/unknown
	Database version: 5.5.5
	Autocommit mode: undefined/unknown
	Isolation level: undefined/unknown
	Minimum pool size: undefined/unknown
	Maximum pool size: undefined/unknown
2026-06-06T00:28:33.841-04:00  INFO 18512 --- [pagos-service] [main] o.h.e.t.j.p.i.JtaPlatformInitiator       : HHH000489: No JTA platform available (set 'hibernate.transaction.jta.platform' to enable JTA platform integration)
2026-06-06T00:28:33.843-04:00  INFO 18512 --- [pagos-service] [main] j.LocalContainerEntityManagerFactoryBean : Initialized JPA EntityManagerFactory for persistence unit 'default'
2026-06-06T00:28:34.053-04:00  WARN 18512 --- [pagos-service] [main] JpaBaseConfiguration$JpaWebConfiguration : spring.jpa.open-in-view is enabled by default. Therefore, database queries may be performed during view rendering. Explicitly configure spring.jpa.open-in-view to disable this warning
2026-06-06T00:28:34.257-04:00  INFO 18512 --- [pagos-service] [main] o.s.b.w.embedded.tomcat.TomcatWebServer  : Tomcat started on port 8086 (http) with context path '/'
2026-06-06T00:28:34.262-04:00  INFO 18512 --- [pagos-service] [main] com.pagos.PagosServiceApplication        : Started PagosServiceApplication in 4.396 seconds (process running for 4.857)
2026-06-06T00:31:14.167-04:00  INFO 12608 --- [pagos-service] [main] com.pagos.PagosServiceApplication        : Starting PagosServiceApplication using Java 25.0.1 with PID 12608 (D:\Descargas\proyecto programacion TERMINADO-20260523T201639Z-3-001\proyecto programacion TERMINADO\pagos-service\target\classes started by gabri in D:\Descargas\proyecto programacion TERMINADO-20260523T201639Z-3-001\proyecto programacion TERMINADO\pagos-service)
2026-06-06T00:31:14.170-04:00 DEBUG 12608 --- [pagos-service] [main] com.pagos.PagosServiceApplication        : Running with Spring Boot v3.5.14, Spring v6.2.18
2026-06-06T00:31:14.173-04:00  INFO 12608 --- [pagos-service] [main] com.pagos.PagosServiceApplication        : No active profile set, falling back to 1 default profile: "default"
2026-06-06T00:31:15.042-04:00  INFO 12608 --- [pagos-service] [main] .s.d.r.c.RepositoryConfigurationDelegate : Bootstrapping Spring Data JPA repositories in DEFAULT mode.
2026-06-06T00:31:15.133-04:00  INFO 12608 --- [pagos-service] [main] .s.d.r.c.RepositoryConfigurationDelegate : Finished Spring Data repository scanning in 72 ms. Found 1 JPA repository interface.
2026-06-06T00:31:15.814-04:00  INFO 12608 --- [pagos-service] [main] o.s.b.w.embedded.tomcat.TomcatWebServer  : Tomcat initialized with port 8086 (http)
2026-06-06T00:31:15.840-04:00  INFO 12608 --- [pagos-service] [main] o.apache.catalina.core.StandardService   : Starting service [Tomcat]
2026-06-06T00:31:15.842-04:00  INFO 12608 --- [pagos-service] [main] o.apache.catalina.core.StandardEngine    : Starting Servlet engine: [Apache Tomcat/10.1.54]
2026-06-06T00:31:16.003-04:00  INFO 12608 --- [pagos-service] [main] o.a.c.c.C.[Tomcat].[localhost].[/]       : Initializing Spring embedded WebApplicationContext
2026-06-06T00:31:16.004-04:00  INFO 12608 --- [pagos-service] [main] w.s.c.ServletWebServerApplicationContext : Root WebApplicationContext: initialization completed in 1776 ms
2026-06-06T00:31:16.193-04:00  INFO 12608 --- [pagos-service] [main] o.hibernate.jpa.internal.util.LogHelper  : HHH000204: Processing PersistenceUnitInfo [name: default]
2026-06-06T00:31:16.255-04:00  INFO 12608 --- [pagos-service] [main] org.hibernate.Version                    : HHH000412: Hibernate ORM core version 6.6.49.Final
2026-06-06T00:31:16.299-04:00  INFO 12608 --- [pagos-service] [main] o.h.c.internal.RegionFactoryInitiator    : HHH000026: Second-level cache disabled
2026-06-06T00:31:16.653-04:00  INFO 12608 --- [pagos-service] [main] o.s.o.j.p.SpringPersistenceUnitInfo      : No LoadTimeWeaver setup: ignoring JPA class transformer
2026-06-06T00:31:16.688-04:00  INFO 12608 --- [pagos-service] [main] com.zaxxer.hikari.HikariDataSource       : HikariPool-1 - Starting...
2026-06-06T00:31:16.893-04:00  INFO 12608 --- [pagos-service] [main] com.zaxxer.hikari.pool.HikariPool        : HikariPool-1 - Added connection com.mysql.cj.jdbc.ConnectionImpl@6a6d1ff3
2026-06-06T00:31:16.895-04:00  INFO 12608 --- [pagos-service] [main] com.zaxxer.hikari.HikariDataSource       : HikariPool-1 - Start completed.
2026-06-06T00:31:16.951-04:00  WARN 12608 --- [pagos-service] [main] org.hibernate.dialect.Dialect            : HHH000511: The 5.5.5 version for [org.hibernate.dialect.MySQLDialect] is no longer supported, hence certain features may not work properly. The minimum supported version is 8.0.0. Check the community dialects project for available legacy versions.
2026-06-06T00:31:16.972-04:00  INFO 12608 --- [pagos-service] [main] org.hibernate.orm.connections.pooling    : HHH10001005: Database info:
	Database JDBC URL [Connecting through datasource 'HikariDataSource (HikariPool-1)']
	Database driver: undefined/unknown
	Database version: 5.5.5
	Autocommit mode: undefined/unknown
	Isolation level: undefined/unknown
	Minimum pool size: undefined/unknown
	Maximum pool size: undefined/unknown
2026-06-06T00:31:17.740-04:00  INFO 12608 --- [pagos-service] [main] o.h.e.t.j.p.i.JtaPlatformInitiator       : HHH000489: No JTA platform available (set 'hibernate.transaction.jta.platform' to enable JTA platform integration)
2026-06-06T00:31:17.743-04:00  INFO 12608 --- [pagos-service] [main] j.LocalContainerEntityManagerFactoryBean : Initialized JPA EntityManagerFactory for persistence unit 'default'
2026-06-06T00:31:18.069-04:00  WARN 12608 --- [pagos-service] [main] JpaBaseConfiguration$JpaWebConfiguration : spring.jpa.open-in-view is enabled by default. Therefore, database queries may be performed during view rendering. Explicitly configure spring.jpa.open-in-view to disable this warning
2026-06-06T00:31:18.379-04:00  INFO 12608 --- [pagos-service] [main] o.s.b.w.embedded.tomcat.TomcatWebServer  : Tomcat started on port 8086 (http) with context path '/'
2026-06-06T00:31:18.386-04:00  INFO 12608 --- [pagos-service] [main] com.pagos.PagosServiceApplication        : Started PagosServiceApplication in 4.873 seconds (process running for 5.508)
2026-06-06T00:46:04.500-04:00  INFO 18964 --- [pagos-service] [main] com.pagos.PagosServiceApplication        : Starting PagosServiceApplication using Java 25.0.1 with PID 18964 (D:\Descargas\proyecto programacion TERMINADO-20260523T201639Z-3-001\proyecto programacion TERMINADO\pagos-service\target\classes started by gabri in D:\Descargas\proyecto programacion TERMINADO-20260523T201639Z-3-001\proyecto programacion TERMINADO\pagos-service)
2026-06-06T00:46:04.502-04:00 DEBUG 18964 --- [pagos-service] [main] com.pagos.PagosServiceApplication        : Running with Spring Boot v3.5.14, Spring v6.2.18
2026-06-06T00:46:04.503-04:00  INFO 18964 --- [pagos-service] [main] com.pagos.PagosServiceApplication        : No active profile set, falling back to 1 default profile: "default"
2026-06-06T00:46:05.343-04:00  INFO 18964 --- [pagos-service] [main] .s.d.r.c.RepositoryConfigurationDelegate : Bootstrapping Spring Data JPA repositories in DEFAULT mode.
2026-06-06T00:46:05.387-04:00  INFO 18964 --- [pagos-service] [main] .s.d.r.c.RepositoryConfigurationDelegate : Finished Spring Data repository scanning in 35 ms. Found 1 JPA repository interface.
2026-06-06T00:46:05.794-04:00  INFO 18964 --- [pagos-service] [main] o.s.b.w.embedded.tomcat.TomcatWebServer  : Tomcat initialized with port 8086 (http)
2026-06-06T00:46:05.807-04:00  INFO 18964 --- [pagos-service] [main] o.apache.catalina.core.StandardService   : Starting service [Tomcat]
2026-06-06T00:46:05.808-04:00  INFO 18964 --- [pagos-service] [main] o.apache.catalina.core.StandardEngine    : Starting Servlet engine: [Apache Tomcat/10.1.54]
2026-06-06T00:46:05.859-04:00  INFO 18964 --- [pagos-service] [main] o.a.c.c.C.[Tomcat].[localhost].[/]       : Initializing Spring embedded WebApplicationContext
2026-06-06T00:46:05.859-04:00  INFO 18964 --- [pagos-service] [main] w.s.c.ServletWebServerApplicationContext : Root WebApplicationContext: initialization completed in 1310 ms
2026-06-06T00:46:05.976-04:00  INFO 18964 --- [pagos-service] [main] o.hibernate.jpa.internal.util.LogHelper  : HHH000204: Processing PersistenceUnitInfo [name: default]
2026-06-06T00:46:06.007-04:00  INFO 18964 --- [pagos-service] [main] org.hibernate.Version                    : HHH000412: Hibernate ORM core version 6.6.49.Final
2026-06-06T00:46:06.028-04:00  INFO 18964 --- [pagos-service] [main] o.h.c.internal.RegionFactoryInitiator    : HHH000026: Second-level cache disabled
2026-06-06T00:46:06.224-04:00  INFO 18964 --- [pagos-service] [main] o.s.o.j.p.SpringPersistenceUnitInfo      : No LoadTimeWeaver setup: ignoring JPA class transformer
2026-06-06T00:46:06.243-04:00  INFO 18964 --- [pagos-service] [main] com.zaxxer.hikari.HikariDataSource       : HikariPool-1 - Starting...
2026-06-06T00:46:06.381-04:00  INFO 18964 --- [pagos-service] [main] com.zaxxer.hikari.pool.HikariPool        : HikariPool-1 - Added connection com.mysql.cj.jdbc.ConnectionImpl@182cc69e
2026-06-06T00:46:06.383-04:00  INFO 18964 --- [pagos-service] [main] com.zaxxer.hikari.HikariDataSource       : HikariPool-1 - Start completed.
2026-06-06T00:46:06.423-04:00  WARN 18964 --- [pagos-service] [main] org.hibernate.dialect.Dialect            : HHH000511: The 5.5.5 version for [org.hibernate.dialect.MySQLDialect] is no longer supported, hence certain features may not work properly. The minimum supported version is 8.0.0. Check the community dialects project for available legacy versions.
2026-06-06T00:46:06.441-04:00  INFO 18964 --- [pagos-service] [main] org.hibernate.orm.connections.pooling    : HHH10001005: Database info:
	Database JDBC URL [Connecting through datasource 'HikariDataSource (HikariPool-1)']
	Database driver: undefined/unknown
	Database version: 5.5.5
	Autocommit mode: undefined/unknown
	Isolation level: undefined/unknown
	Minimum pool size: undefined/unknown
	Maximum pool size: undefined/unknown
2026-06-06T00:46:07.050-04:00  INFO 18964 --- [pagos-service] [main] o.h.e.t.j.p.i.JtaPlatformInitiator       : HHH000489: No JTA platform available (set 'hibernate.transaction.jta.platform' to enable JTA platform integration)
2026-06-06T00:46:07.052-04:00  INFO 18964 --- [pagos-service] [main] j.LocalContainerEntityManagerFactoryBean : Initialized JPA EntityManagerFactory for persistence unit 'default'
2026-06-06T00:46:07.304-04:00  WARN 18964 --- [pagos-service] [main] JpaBaseConfiguration$JpaWebConfiguration : spring.jpa.open-in-view is enabled by default. Therefore, database queries may be performed during view rendering. Explicitly configure spring.jpa.open-in-view to disable this warning
2026-06-06T00:46:07.522-04:00  INFO 18964 --- [pagos-service] [main] o.s.b.w.embedded.tomcat.TomcatWebServer  : Tomcat started on port 8086 (http) with context path '/'
2026-06-06T00:46:07.527-04:00  INFO 18964 --- [pagos-service] [main] com.pagos.PagosServiceApplication        : Started PagosServiceApplication in 3.619 seconds (process running for 4.033)
2026-06-06T00:48:24.952-04:00  INFO 22148 --- [pagos-service] [main] com.pagos.PagosServiceApplication        : Starting PagosServiceApplication using Java 25.0.1 with PID 22148 (D:\Descargas\proyecto programacion TERMINADO-20260523T201639Z-3-001\proyecto programacion TERMINADO\pagos-service\target\classes started by gabri in D:\Descargas\proyecto programacion TERMINADO-20260523T201639Z-3-001\proyecto programacion TERMINADO\pagos-service)
2026-06-06T00:48:24.954-04:00 DEBUG 22148 --- [pagos-service] [main] com.pagos.PagosServiceApplication        : Running with Spring Boot v3.5.14, Spring v6.2.18
2026-06-06T00:48:24.955-04:00  INFO 22148 --- [pagos-service] [main] com.pagos.PagosServiceApplication        : No active profile set, falling back to 1 default profile: "default"
2026-06-06T00:48:25.972-04:00  INFO 22148 --- [pagos-service] [main] .s.d.r.c.RepositoryConfigurationDelegate : Bootstrapping Spring Data JPA repositories in DEFAULT mode.
2026-06-06T00:48:26.138-04:00  INFO 22148 --- [pagos-service] [main] .s.d.r.c.RepositoryConfigurationDelegate : Finished Spring Data repository scanning in 153 ms. Found 1 JPA repository interface.
2026-06-06T00:48:26.781-04:00  INFO 22148 --- [pagos-service] [main] o.s.b.w.embedded.tomcat.TomcatWebServer  : Tomcat initialized with port 8086 (http)
2026-06-06T00:48:26.797-04:00  INFO 22148 --- [pagos-service] [main] o.apache.catalina.core.StandardService   : Starting service [Tomcat]
2026-06-06T00:48:26.797-04:00  INFO 22148 --- [pagos-service] [main] o.apache.catalina.core.StandardEngine    : Starting Servlet engine: [Apache Tomcat/10.1.54]
2026-06-06T00:48:26.883-04:00  INFO 22148 --- [pagos-service] [main] o.a.c.c.C.[Tomcat].[localhost].[/]       : Initializing Spring embedded WebApplicationContext
2026-06-06T00:48:26.886-04:00  INFO 22148 --- [pagos-service] [main] w.s.c.ServletWebServerApplicationContext : Root WebApplicationContext: initialization completed in 1874 ms
2026-06-06T00:48:27.072-04:00  INFO 22148 --- [pagos-service] [main] o.hibernate.jpa.internal.util.LogHelper  : HHH000204: Processing PersistenceUnitInfo [name: default]
2026-06-06T00:48:27.124-04:00  INFO 22148 --- [pagos-service] [main] org.hibernate.Version                    : HHH000412: Hibernate ORM core version 6.6.49.Final
2026-06-06T00:48:27.170-04:00  INFO 22148 --- [pagos-service] [main] o.h.c.internal.RegionFactoryInitiator    : HHH000026: Second-level cache disabled
2026-06-06T00:48:27.583-04:00  INFO 22148 --- [pagos-service] [main] o.s.o.j.p.SpringPersistenceUnitInfo      : No LoadTimeWeaver setup: ignoring JPA class transformer
2026-06-06T00:48:27.629-04:00  INFO 22148 --- [pagos-service] [main] com.zaxxer.hikari.HikariDataSource       : HikariPool-1 - Starting...
2026-06-06T00:48:27.781-04:00  INFO 22148 --- [pagos-service] [main] com.zaxxer.hikari.pool.HikariPool        : HikariPool-1 - Added connection com.mysql.cj.jdbc.ConnectionImpl@12f51a65
2026-06-06T00:48:27.782-04:00  INFO 22148 --- [pagos-service] [main] com.zaxxer.hikari.HikariDataSource       : HikariPool-1 - Start completed.
2026-06-06T00:48:27.825-04:00  WARN 22148 --- [pagos-service] [main] org.hibernate.dialect.Dialect            : HHH000511: The 5.5.5 version for [org.hibernate.dialect.MySQLDialect] is no longer supported, hence certain features may not work properly. The minimum supported version is 8.0.0. Check the community dialects project for available legacy versions.
2026-06-06T00:48:27.839-04:00  INFO 22148 --- [pagos-service] [main] org.hibernate.orm.connections.pooling    : HHH10001005: Database info:
	Database JDBC URL [Connecting through datasource 'HikariDataSource (HikariPool-1)']
	Database driver: undefined/unknown
	Database version: 5.5.5
	Autocommit mode: undefined/unknown
	Isolation level: undefined/unknown
	Minimum pool size: undefined/unknown
	Maximum pool size: undefined/unknown
2026-06-06T00:48:28.426-04:00  INFO 22148 --- [pagos-service] [main] o.h.e.t.j.p.i.JtaPlatformInitiator       : HHH000489: No JTA platform available (set 'hibernate.transaction.jta.platform' to enable JTA platform integration)
2026-06-06T00:48:28.428-04:00  INFO 22148 --- [pagos-service] [main] j.LocalContainerEntityManagerFactoryBean : Initialized JPA EntityManagerFactory for persistence unit 'default'
2026-06-06T00:48:28.685-04:00  WARN 22148 --- [pagos-service] [main] JpaBaseConfiguration$JpaWebConfiguration : spring.jpa.open-in-view is enabled by default. Therefore, database queries may be performed during view rendering. Explicitly configure spring.jpa.open-in-view to disable this warning
2026-06-06T00:48:28.996-04:00  INFO 22148 --- [pagos-service] [main] o.s.b.w.embedded.tomcat.TomcatWebServer  : Tomcat started on port 8086 (http) with context path '/'
2026-06-06T00:48:29.005-04:00  INFO 22148 --- [pagos-service] [main] com.pagos.PagosServiceApplication        : Started PagosServiceApplication in 4.695 seconds (process running for 5.234)
2026-06-06T00:50:18.085-04:00  INFO 22148 --- [pagos-service] [http-nio-8086-exec-1] o.a.c.c.C.[Tomcat].[localhost].[/]       : Initializing Spring DispatcherServlet 'dispatcherServlet'
2026-06-06T00:50:18.085-04:00  INFO 22148 --- [pagos-service] [http-nio-8086-exec-1] o.s.web.servlet.DispatcherServlet        : Initializing Servlet 'dispatcherServlet'
2026-06-06T00:50:18.086-04:00  INFO 22148 --- [pagos-service] [http-nio-8086-exec-1] o.s.web.servlet.DispatcherServlet        : Completed initialization in 1 ms
2026-06-06T00:50:18.391-04:00  INFO 22148 --- [pagos-service] [http-nio-8086-exec-9] o.springdoc.api.AbstractOpenApiResource  : Init duration for springdoc-openapi is: 130 ms
